2026-05-01 02:55:23,973 [INFO] === 500K Cleaning Started ===
2026-05-01 02:55:23,973 [INFO] Input directory: /home/parth/bigdata_project/raw/data_Q1_2024
2026-05-01 02:55:23,973 [INFO] Output file: /home/parth/bigdata_project/clean/smart_telemetry_500k.csv
2026-05-01 02:55:23,974 [INFO] Row limit: 500000
2026-05-01 02:55:23,975 [INFO] Processing file 1: /home/parth/bigdata_project/raw/data_Q1_2024/2024-01-01.csv
2026-05-01 02:55:24,224 [INFO] Processed 10000 rows...
2026-05-01 02:55:24,470 [INFO] Processed 20000 rows...
2026-05-01 02:55:24,720 [INFO] Processed 30000 rows...
2026-05-01 02:55:24,969 [INFO] Processed 40000 rows...
2026-05-01 02:55:25,216 [INFO] Processed 50000 rows...
2026-05-01 02:55:25,463 [INFO] Processed 60000 rows...
2026-05-01 02:55:25,713 [INFO] Processed 70000 rows...
2026-05-01 02:55:25,959 [INFO] Processed 80000 rows...
2026-05-01 02:55:26,212 [INFO] Processed 90000 rows...
2026-05-01 02:55:26,460 [INFO] Processed 100000 rows...
2026-05-01 02:55:26,728 [INFO] Processed 110000 rows...
2026-05-01 02:55:26,976 [INFO] Processed 120000 rows...
2026-05-01 02:55:27,220 [INFO] Processed 130000 rows...
2026-05-01 02:55:27,472 [INFO] Processed 140000 rows...
2026-05-01 02:55:27,724 [INFO] Processed 150000 rows...
2026-05-01 02:55:27,972 [INFO] Processed 160000 rows...
2026-05-01 02:55:28,225 [INFO] Processed 170000 rows...
2026-05-01 02:55:28,471 [INFO] Processed 180000 rows...
2026-05-01 02:55:28,718 [INFO] Processed 190000 rows...
2026-05-01 02:55:29,021 [INFO] Processed 200000 rows...
2026-05-01 02:55:29,288 [INFO] Processed 210000 rows...
2026-05-01 02:55:29,536 [INFO] Processed 220000 rows...
2026-05-01 02:55:29,801 [INFO] Processed 230000 rows...
2026-05-01 02:55:30,050 [INFO] Processed 240000 rows...
2026-05-01 02:55:30,296 [INFO] Processed 250000 rows...
2026-05-01 02:55:30,544 [INFO] Processed 260000 rows...
2026-05-01 02:55:30,792 [INFO] Processed 270000 rows...
2026-05-01 02:55:30,907 [INFO] Processing file 2: /home/parth/bigdata_project/raw/data_Q1_2024/2024-01-02.csv
2026-05-01 02:55:31,041 [INFO] Processed 280000 rows...
2026-05-01 02:55:31,290 [INFO] Processed 290000 rows...
2026-05-01 02:55:31,538 [INFO] Processed 300000 rows...
2026-05-01 02:55:31,789 [INFO] Processed 310000 rows...
2026-05-01 02:55:32,035 [INFO] Processed 320000 rows...
2026-05-01 02:55:32,280 [INFO] Processed 330000 rows...
2026-05-01 02:55:32,528 [INFO] Processed 340000 rows...
2026-05-01 02:55:32,774 [INFO] Processed 350000 rows...
2026-05-01 02:55:33,022 [INFO] Processed 360000 rows...
2026-05-01 02:55:33,270 [INFO] Processed 370000 rows...
2026-05-01 02:55:33,518 [INFO] Processed 380000 rows...
2026-05-01 02:55:33,765 [INFO] Processed 390000 rows...
2026-05-01 02:55:34,010 [INFO] Processed 400000 rows...
2026-05-01 02:55:34,253 [INFO] Processed 410000 rows...
2026-05-01 02:55:34,503 [INFO] Processed 420000 rows...
2026-05-01 02:55:34,750 [INFO] Processed 430000 rows...
2026-05-01 02:55:34,996 [INFO] Processed 440000 rows...
2026-05-01 02:55:35,243 [INFO] Processed 450000 rows...
2026-05-01 02:55:35,489 [INFO] Processed 460000 rows...
2026-05-01 02:55:35,735 [INFO] Processed 470000 rows...
2026-05-01 02:55:35,980 [INFO] Processed 480000 rows...
2026-05-01 02:55:36,225 [INFO] Processed 490000 rows...
2026-05-01 02:55:36,470 [INFO] Processed 500000 rows...
2026-05-01 02:55:36,470 [INFO] === 500K Cleaning Completed ===
2026-05-01 02:55:36,470 [INFO] Files processed: 2
2026-05-01 02:55:36,470 [INFO] Processed rows: 500000
2026-05-01 02:55:36,470 [INFO] Skipped rows: 0
2026-05-01 02:55:36,470 [INFO] Duration: 12.50 seconds
