=== Push Started: Fri May  1 01:54:31 AM UTC 2026 ===
26/05/01 01:54:31 WARN util.NativeCodeLoader: Unable to load native-hadoop library for your platform... using builtin-java classes where applicable
WARNING: An illegal reflective access operation has occurred
WARNING: Illegal reflective access by org.apache.hadoop.hbase.unsafe.HBasePlatformDependent (file:/home/parth/phoenix/phoenix-client-embedded-hbase-2.5-5.1.3.jar) to method java.nio.Bits.unaligned()
WARNING: Please consider reporting this to the maintainers of org.apache.hadoop.hbase.unsafe.HBasePlatformDependent
WARNING: Use --illegal-access=warn to enable warnings of further illegal reflective access operations
WARNING: All illegal access operations will be denied in a future release
csv columns from user. length=15, SALT_BUCKET, SERIAL_NUMBER, EVENT_DATE, MODEL, CAPACITY_BYTES, DATACENTER, CLUSTER_ID, FAILURE, SMART_5_RAW, SMART_9_RAW, SMART_187_RAW, SMART_188_RAW, SMART_197_RAW, SMART_198_RAW, SMART_199_RAW
java.lang.IllegalArgumentException: Table SMART_TELEMETRY not found
	at org.apache.phoenix.util.SchemaUtil.generateColumnInfo(SchemaUtil.java:992)
	at org.apache.phoenix.util.CSVCommonsLoader.buildColumnInfoList(CSVCommonsLoader.java:253)
	at org.apache.phoenix.util.CSVCommonsLoader.upsert(CSVCommonsLoader.java:202)
	at org.apache.phoenix.util.CSVCommonsLoader.upsert(CSVCommonsLoader.java:178)
	at org.apache.phoenix.util.PhoenixRuntime.main(PhoenixRuntime.java:316)
Duration: 3.871494216 seconds
=== Push Completed: Fri May  1 01:54:35 AM UTC 2026 ===

=== Push Started: Fri May  1 02:11:11 AM UTC 2026 ===
26/05/01 02:11:11 WARN util.NativeCodeLoader: Unable to load native-hadoop library for your platform... using builtin-java classes where applicable
WARNING: An illegal reflective access operation has occurred
WARNING: Illegal reflective access by org.apache.hadoop.hbase.unsafe.HBasePlatformDependent (file:/home/parth/phoenix/phoenix-client-embedded-hbase-2.5-5.1.3.jar) to method java.nio.Bits.unaligned()
WARNING: Please consider reporting this to the maintainers of org.apache.hadoop.hbase.unsafe.HBasePlatformDependent
WARNING: Use --illegal-access=warn to enable warnings of further illegal reflective access operations
WARNING: All illegal access operations will be denied in a future release
csv columns from user. length=15, SALT_BUCKET, SERIAL_NUMBER, EVENT_DATE, MODEL, CAPACITY_BYTES, DATACENTER, CLUSTER_ID, FAILURE, SMART_5_RAW, SMART_9_RAW, SMART_187_RAW, SMART_188_RAW, SMART_197_RAW, SMART_198_RAW, SMART_199_RAW
CSV Upsert complete. 100000 rows upserted
Time: 13.361 sec(s)

Duration: 16.467938463 seconds
=== Push Completed: Fri May  1 02:11:27 AM UTC 2026 ===

