2026-05-03 00:24:16,723 [INFO] === 500K Cleaning Started ===
2026-05-03 00:24:16,723 [INFO] Input directory: /home/parth/bigdata_project/raw/data_Q1_2024
2026-05-03 00:24:16,723 [INFO] Output file: /home/parth/bigdata_project/clean/smart_telemetry_2M.csv
2026-05-03 00:24:16,724 [INFO] Row limit: 2000000
2026-05-03 00:24:16,725 [INFO] Processing file 1: /home/parth/bigdata_project/raw/data_Q1_2024/2024-01-01.csv
2026-05-03 00:24:16,972 [INFO] Processed 10000 rows...
2026-05-03 00:24:17,217 [INFO] Processed 20000 rows...
2026-05-03 00:24:17,464 [INFO] Processed 30000 rows...
2026-05-03 00:24:17,713 [INFO] Processed 40000 rows...
2026-05-03 00:24:17,958 [INFO] Processed 50000 rows...
2026-05-03 00:24:18,203 [INFO] Processed 60000 rows...
2026-05-03 00:24:18,449 [INFO] Processed 70000 rows...
2026-05-03 00:24:18,693 [INFO] Processed 80000 rows...
2026-05-03 00:24:18,941 [INFO] Processed 90000 rows...
2026-05-03 00:24:19,187 [INFO] Processed 100000 rows...
2026-05-03 00:24:19,433 [INFO] Processed 110000 rows...
2026-05-03 00:24:19,678 [INFO] Processed 120000 rows...
2026-05-03 00:24:19,920 [INFO] Processed 130000 rows...
2026-05-03 00:24:20,165 [INFO] Processed 140000 rows...
2026-05-03 00:24:20,413 [INFO] Processed 150000 rows...
2026-05-03 00:24:20,658 [INFO] Processed 160000 rows...
2026-05-03 00:24:20,902 [INFO] Processed 170000 rows...
2026-05-03 00:24:21,146 [INFO] Processed 180000 rows...
2026-05-03 00:24:21,389 [INFO] Processed 190000 rows...
2026-05-03 00:24:21,633 [INFO] Processed 200000 rows...
2026-05-03 00:24:21,887 [INFO] Processed 210000 rows...
2026-05-03 00:24:22,128 [INFO] Processed 220000 rows...
2026-05-03 00:24:22,372 [INFO] Processed 230000 rows...
2026-05-03 00:24:22,618 [INFO] Processed 240000 rows...
2026-05-03 00:24:22,861 [INFO] Processed 250000 rows...
2026-05-03 00:24:23,105 [INFO] Processed 260000 rows...
2026-05-03 00:24:23,348 [INFO] Processed 270000 rows...
2026-05-03 00:24:23,461 [INFO] Processing file 2: /home/parth/bigdata_project/raw/data_Q1_2024/2024-01-02.csv
2026-05-03 00:24:23,594 [INFO] Processed 280000 rows...
2026-05-03 00:24:23,848 [INFO] Processed 290000 rows...
2026-05-03 00:24:24,096 [INFO] Processed 300000 rows...
2026-05-03 00:24:24,346 [INFO] Processed 310000 rows...
2026-05-03 00:24:24,592 [INFO] Processed 320000 rows...
2026-05-03 00:24:24,837 [INFO] Processed 330000 rows...
2026-05-03 00:24:25,086 [INFO] Processed 340000 rows...
2026-05-03 00:24:25,332 [INFO] Processed 350000 rows...
2026-05-03 00:24:25,579 [INFO] Processed 360000 rows...
2026-05-03 00:24:25,828 [INFO] Processed 370000 rows...
2026-05-03 00:24:26,076 [INFO] Processed 380000 rows...
2026-05-03 00:24:26,324 [INFO] Processed 390000 rows...
2026-05-03 00:24:26,571 [INFO] Processed 400000 rows...
2026-05-03 00:24:26,815 [INFO] Processed 410000 rows...
2026-05-03 00:24:27,064 [INFO] Processed 420000 rows...
2026-05-03 00:24:27,311 [INFO] Processed 430000 rows...
2026-05-03 00:24:27,558 [INFO] Processed 440000 rows...
2026-05-03 00:24:27,805 [INFO] Processed 450000 rows...
2026-05-03 00:24:28,051 [INFO] Processed 460000 rows...
2026-05-03 00:24:28,298 [INFO] Processed 470000 rows...
2026-05-03 00:24:28,545 [INFO] Processed 480000 rows...
2026-05-03 00:24:28,789 [INFO] Processed 490000 rows...
2026-05-03 00:24:29,053 [INFO] Processed 500000 rows...
2026-05-03 00:24:29,319 [INFO] Processed 510000 rows...
2026-05-03 00:24:29,566 [INFO] Processed 520000 rows...
2026-05-03 00:24:29,812 [INFO] Processed 530000 rows...
2026-05-03 00:24:30,059 [INFO] Processed 540000 rows...
2026-05-03 00:24:30,288 [INFO] Processing file 3: /home/parth/bigdata_project/raw/data_Q1_2024/2024-01-03.csv
2026-05-03 00:24:30,330 [INFO] Processed 550000 rows...
2026-05-03 00:24:30,586 [INFO] Processed 560000 rows...
2026-05-03 00:24:30,836 [INFO] Processed 570000 rows...
2026-05-03 00:24:31,090 [INFO] Processed 580000 rows...
2026-05-03 00:24:31,344 [INFO] Processed 590000 rows...
2026-05-03 00:24:31,594 [INFO] Processed 600000 rows...
2026-05-03 00:24:31,846 [INFO] Processed 610000 rows...
2026-05-03 00:24:32,095 [INFO] Processed 620000 rows...
2026-05-03 00:24:32,377 [INFO] Processed 630000 rows...
2026-05-03 00:24:32,629 [INFO] Processed 640000 rows...
2026-05-03 00:24:32,876 [INFO] Processed 650000 rows...
2026-05-03 00:24:33,123 [INFO] Processed 660000 rows...
2026-05-03 00:24:33,370 [INFO] Processed 670000 rows...
2026-05-03 00:24:33,613 [INFO] Processed 680000 rows...
2026-05-03 00:24:33,861 [INFO] Processed 690000 rows...
2026-05-03 00:24:34,120 [INFO] Processed 700000 rows...
2026-05-03 00:24:34,369 [INFO] Processed 710000 rows...
2026-05-03 00:24:34,616 [INFO] Processed 720000 rows...
2026-05-03 00:24:34,863 [INFO] Processed 730000 rows...
2026-05-03 00:24:35,109 [INFO] Processed 740000 rows...
2026-05-03 00:24:35,355 [INFO] Processed 750000 rows...
2026-05-03 00:24:35,600 [INFO] Processed 760000 rows...
2026-05-03 00:24:35,844 [INFO] Processed 770000 rows...
2026-05-03 00:24:36,091 [INFO] Processed 780000 rows...
2026-05-03 00:24:36,339 [INFO] Processed 790000 rows...
2026-05-03 00:24:36,585 [INFO] Processed 800000 rows...
2026-05-03 00:24:36,847 [INFO] Processed 810000 rows...
2026-05-03 00:24:37,092 [INFO] Processed 820000 rows...
2026-05-03 00:24:37,204 [INFO] Processing file 4: /home/parth/bigdata_project/raw/data_Q1_2024/2024-01-04.csv
2026-05-03 00:24:37,354 [INFO] Processed 830000 rows...
2026-05-03 00:24:37,601 [INFO] Processed 840000 rows...
2026-05-03 00:24:37,849 [INFO] Processed 850000 rows...
2026-05-03 00:24:38,098 [INFO] Processed 860000 rows...
2026-05-03 00:24:38,343 [INFO] Processed 870000 rows...
2026-05-03 00:24:38,588 [INFO] Processed 880000 rows...
2026-05-03 00:24:38,836 [INFO] Processed 890000 rows...
2026-05-03 00:24:39,081 [INFO] Processed 900000 rows...
2026-05-03 00:24:39,329 [INFO] Processed 910000 rows...
2026-05-03 00:24:39,577 [INFO] Processed 920000 rows...
2026-05-03 00:24:39,824 [INFO] Processed 930000 rows...
2026-05-03 00:24:40,070 [INFO] Processed 940000 rows...
2026-05-03 00:24:40,315 [INFO] Processed 950000 rows...
2026-05-03 00:24:40,559 [INFO] Processed 960000 rows...
2026-05-03 00:24:40,807 [INFO] Processed 970000 rows...
2026-05-03 00:24:41,055 [INFO] Processed 980000 rows...
2026-05-03 00:24:41,302 [INFO] Processed 990000 rows...
2026-05-03 00:24:41,547 [INFO] Processed 1000000 rows...
2026-05-03 00:24:41,800 [INFO] Processed 1010000 rows...
2026-05-03 00:24:42,052 [INFO] Processed 1020000 rows...
2026-05-03 00:24:42,330 [INFO] Processed 1030000 rows...
2026-05-03 00:24:42,575 [INFO] Processed 1040000 rows...
2026-05-03 00:24:42,820 [INFO] Processed 1050000 rows...
2026-05-03 00:24:43,068 [INFO] Processed 1060000 rows...
2026-05-03 00:24:43,313 [INFO] Processed 1070000 rows...
2026-05-03 00:24:43,560 [INFO] Processed 1080000 rows...
2026-05-03 00:24:43,806 [INFO] Processed 1090000 rows...
2026-05-03 00:24:44,018 [INFO] Processing file 5: /home/parth/bigdata_project/raw/data_Q1_2024/2024-01-05.csv
2026-05-03 00:24:44,066 [INFO] Processed 1100000 rows...
2026-05-03 00:24:44,333 [INFO] Processed 1110000 rows...
2026-05-03 00:24:44,579 [INFO] Processed 1120000 rows...
2026-05-03 00:24:44,829 [INFO] Processed 1130000 rows...
2026-05-03 00:24:45,083 [INFO] Processed 1140000 rows...
2026-05-03 00:24:45,330 [INFO] Processed 1150000 rows...
2026-05-03 00:24:45,580 [INFO] Processed 1160000 rows...
2026-05-03 00:24:45,831 [INFO] Processed 1170000 rows...
2026-05-03 00:24:46,112 [INFO] Processed 1180000 rows...
2026-05-03 00:24:46,363 [INFO] Processed 1190000 rows...
2026-05-03 00:24:46,612 [INFO] Processed 1200000 rows...
2026-05-03 00:24:46,860 [INFO] Processed 1210000 rows...
2026-05-03 00:24:47,107 [INFO] Processed 1220000 rows...
2026-05-03 00:24:47,397 [INFO] Processed 1230000 rows...
2026-05-03 00:24:47,645 [INFO] Processed 1240000 rows...
2026-05-03 00:24:47,894 [INFO] Processed 1250000 rows...
2026-05-03 00:24:48,140 [INFO] Processed 1260000 rows...
2026-05-03 00:24:48,387 [INFO] Processed 1270000 rows...
2026-05-03 00:24:48,634 [INFO] Processed 1280000 rows...
2026-05-03 00:24:48,880 [INFO] Processed 1290000 rows...
2026-05-03 00:24:49,127 [INFO] Processed 1300000 rows...
2026-05-03 00:24:49,373 [INFO] Processed 1310000 rows...
2026-05-03 00:24:49,618 [INFO] Processed 1320000 rows...
2026-05-03 00:24:49,866 [INFO] Processed 1330000 rows...
2026-05-03 00:24:50,113 [INFO] Processed 1340000 rows...
2026-05-03 00:24:50,359 [INFO] Processed 1350000 rows...
2026-05-03 00:24:50,906 [INFO] Processed 1360000 rows...
2026-05-03 00:24:51,506 [INFO] Processed 1370000 rows...
2026-05-03 00:24:51,586 [INFO] Processing file 6: /home/parth/bigdata_project/raw/data_Q1_2024/2024-01-06.csv
2026-05-03 00:24:51,774 [INFO] Processed 1380000 rows...
2026-05-03 00:24:52,023 [INFO] Processed 1390000 rows...
2026-05-03 00:24:52,355 [INFO] Processed 1400000 rows...
2026-05-03 00:24:52,606 [INFO] Processed 1410000 rows...
2026-05-03 00:24:52,853 [INFO] Processed 1420000 rows...
2026-05-03 00:24:53,099 [INFO] Processed 1430000 rows...
2026-05-03 00:24:53,349 [INFO] Processed 1440000 rows...
2026-05-03 00:24:53,596 [INFO] Processed 1450000 rows...
2026-05-03 00:24:53,845 [INFO] Processed 1460000 rows...
2026-05-03 00:24:54,094 [INFO] Processed 1470000 rows...
2026-05-03 00:24:54,342 [INFO] Processed 1480000 rows...
2026-05-03 00:24:54,589 [INFO] Processed 1490000 rows...
2026-05-03 00:24:54,834 [INFO] Processed 1500000 rows...
2026-05-03 00:24:55,080 [INFO] Processed 1510000 rows...
2026-05-03 00:24:55,330 [INFO] Processed 1520000 rows...
2026-05-03 00:24:55,590 [INFO] Processed 1530000 rows...
2026-05-03 00:24:55,838 [INFO] Processed 1540000 rows...
2026-05-03 00:24:56,087 [INFO] Processed 1550000 rows...
2026-05-03 00:24:56,335 [INFO] Processed 1560000 rows...
2026-05-03 00:24:56,583 [INFO] Processed 1570000 rows...
2026-05-03 00:24:56,829 [INFO] Processed 1580000 rows...
2026-05-03 00:24:57,074 [INFO] Processed 1590000 rows...
2026-05-03 00:24:57,368 [INFO] Processed 1600000 rows...
2026-05-03 00:24:57,616 [INFO] Processed 1610000 rows...
2026-05-03 00:24:57,860 [INFO] Processed 1620000 rows...
2026-05-03 00:24:58,107 [INFO] Processed 1630000 rows...
2026-05-03 00:24:58,352 [INFO] Processed 1640000 rows...
2026-05-03 00:24:58,546 [INFO] Processing file 7: /home/parth/bigdata_project/raw/data_Q1_2024/2024-01-07.csv
2026-05-03 00:24:58,634 [INFO] Processed 1650000 rows...
2026-05-03 00:24:58,883 [INFO] Processed 1660000 rows...
2026-05-03 00:24:59,138 [INFO] Processed 1670000 rows...
2026-05-03 00:24:59,391 [INFO] Processed 1680000 rows...
2026-05-03 00:24:59,638 [INFO] Processed 1690000 rows...
2026-05-03 00:24:59,886 [INFO] Processed 1700000 rows...
2026-05-03 00:25:00,134 [INFO] Processed 1710000 rows...
2026-05-03 00:25:00,381 [INFO] Processed 1720000 rows...
2026-05-03 00:25:00,627 [INFO] Processed 1730000 rows...
2026-05-03 00:25:00,876 [INFO] Processed 1740000 rows...
2026-05-03 00:25:01,124 [INFO] Processed 1750000 rows...
2026-05-03 00:25:01,371 [INFO] Processed 1760000 rows...
2026-05-03 00:25:01,631 [INFO] Processed 1770000 rows...
2026-05-03 00:25:01,874 [INFO] Processed 1780000 rows...
2026-05-03 00:25:02,122 [INFO] Processed 1790000 rows...
2026-05-03 00:25:02,425 [INFO] Processed 1800000 rows...
2026-05-03 00:25:02,676 [INFO] Processed 1810000 rows...
2026-05-03 00:25:02,922 [INFO] Processed 1820000 rows...
2026-05-03 00:25:03,168 [INFO] Processed 1830000 rows...
2026-05-03 00:25:03,413 [INFO] Processed 1840000 rows...
2026-05-03 00:25:03,659 [INFO] Processed 1850000 rows...
2026-05-03 00:25:03,902 [INFO] Processed 1860000 rows...
2026-05-03 00:25:04,146 [INFO] Processed 1870000 rows...
2026-05-03 00:25:04,393 [INFO] Processed 1880000 rows...
2026-05-03 00:25:04,638 [INFO] Processed 1890000 rows...
2026-05-03 00:25:04,883 [INFO] Processed 1900000 rows...
2026-05-03 00:25:05,129 [INFO] Processed 1910000 rows...
2026-05-03 00:25:05,375 [INFO] Processed 1920000 rows...
2026-05-03 00:25:05,439 [INFO] Processing file 8: /home/parth/bigdata_project/raw/data_Q1_2024/2024-01-08.csv
2026-05-03 00:25:05,625 [INFO] Processed 1930000 rows...
2026-05-03 00:25:05,871 [INFO] Processed 1940000 rows...
2026-05-03 00:25:06,118 [INFO] Processed 1950000 rows...
2026-05-03 00:25:06,367 [INFO] Processed 1960000 rows...
2026-05-03 00:25:06,611 [INFO] Processed 1970000 rows...
2026-05-03 00:25:06,863 [INFO] Processed 1980000 rows...
2026-05-03 00:25:07,110 [INFO] Processed 1990000 rows...
2026-05-03 00:25:07,356 [INFO] Processed 2000000 rows...
2026-05-03 00:25:07,356 [INFO] === 500K Cleaning Completed ===
2026-05-03 00:25:07,356 [INFO] Files processed: 8
2026-05-03 00:25:07,356 [INFO] Processed rows: 2000000
2026-05-03 00:25:07,356 [INFO] Skipped rows: 0
2026-05-03 00:25:07,356 [INFO] Duration: 50.63 seconds
