2026-05-01 01:39:00,711 [INFO] === Cleaning Started ===
2026-05-01 01:39:00,711 [INFO] Input file: /home/parth/bigdata_project/raw/data_Q1_2024/2024-01-01.csv
2026-05-01 01:39:00,711 [INFO] Output file: /home/parth/bigdata_project/clean/smart_telemetry_100k.csv
2026-05-01 01:39:00,711 [INFO] Row limit: 100000
2026-05-01 01:39:00,766 [INFO] Processed 1000 rows...
2026-05-01 01:39:00,793 [INFO] Processed 2000 rows...
2026-05-01 01:39:00,820 [INFO] Processed 3000 rows...
2026-05-01 01:39:00,845 [INFO] Processed 4000 rows...
2026-05-01 01:39:00,873 [INFO] Processed 5000 rows...
2026-05-01 01:39:00,898 [INFO] Processed 6000 rows...
2026-05-01 01:39:00,923 [INFO] Processed 7000 rows...
2026-05-01 01:39:00,949 [INFO] Processed 8000 rows...
2026-05-01 01:39:00,974 [INFO] Processed 9000 rows...
2026-05-01 01:39:00,999 [INFO] Processed 10000 rows...
2026-05-01 01:39:01,024 [INFO] Processed 11000 rows...
2026-05-01 01:39:01,050 [INFO] Processed 12000 rows...
2026-05-01 01:39:01,075 [INFO] Processed 13000 rows...
2026-05-01 01:39:01,100 [INFO] Processed 14000 rows...
2026-05-01 01:39:01,125 [INFO] Processed 15000 rows...
2026-05-01 01:39:01,150 [INFO] Processed 16000 rows...
2026-05-01 01:39:01,174 [INFO] Processed 17000 rows...
2026-05-01 01:39:01,199 [INFO] Processed 18000 rows...
2026-05-01 01:39:01,224 [INFO] Processed 19000 rows...
2026-05-01 01:39:01,254 [INFO] Processed 20000 rows...
2026-05-01 01:39:01,278 [INFO] Processed 21000 rows...
2026-05-01 01:39:01,304 [INFO] Processed 22000 rows...
2026-05-01 01:39:01,329 [INFO] Processed 23000 rows...
2026-05-01 01:39:01,355 [INFO] Processed 24000 rows...
2026-05-01 01:39:01,380 [INFO] Processed 25000 rows...
2026-05-01 01:39:01,405 [INFO] Processed 26000 rows...
2026-05-01 01:39:01,431 [INFO] Processed 27000 rows...
2026-05-01 01:39:01,456 [INFO] Processed 28000 rows...
2026-05-01 01:39:01,481 [INFO] Processed 29000 rows...
2026-05-01 01:39:01,506 [INFO] Processed 30000 rows...
2026-05-01 01:39:01,532 [INFO] Processed 31000 rows...
2026-05-01 01:39:01,557 [INFO] Processed 32000 rows...
2026-05-01 01:39:01,582 [INFO] Processed 33000 rows...
2026-05-01 01:39:01,608 [INFO] Processed 34000 rows...
2026-05-01 01:39:01,633 [INFO] Processed 35000 rows...
2026-05-01 01:39:01,658 [INFO] Processed 36000 rows...
2026-05-01 01:39:01,684 [INFO] Processed 37000 rows...
2026-05-01 01:39:01,708 [INFO] Processed 38000 rows...
2026-05-01 01:39:01,733 [INFO] Processed 39000 rows...
2026-05-01 01:39:01,757 [INFO] Processed 40000 rows...
2026-05-01 01:39:01,782 [INFO] Processed 41000 rows...
2026-05-01 01:39:01,806 [INFO] Processed 42000 rows...
2026-05-01 01:39:01,831 [INFO] Processed 43000 rows...
2026-05-01 01:39:01,856 [INFO] Processed 44000 rows...
2026-05-01 01:39:01,882 [INFO] Processed 45000 rows...
2026-05-01 01:39:01,907 [INFO] Processed 46000 rows...
2026-05-01 01:39:01,932 [INFO] Processed 47000 rows...
2026-05-01 01:39:01,957 [INFO] Processed 48000 rows...
2026-05-01 01:39:01,981 [INFO] Processed 49000 rows...
2026-05-01 01:39:02,006 [INFO] Processed 50000 rows...
2026-05-01 01:39:02,031 [INFO] Processed 51000 rows...
2026-05-01 01:39:02,055 [INFO] Processed 52000 rows...
2026-05-01 01:39:02,080 [INFO] Processed 53000 rows...
2026-05-01 01:39:02,108 [INFO] Processed 54000 rows...
2026-05-01 01:39:02,133 [INFO] Processed 55000 rows...
2026-05-01 01:39:02,158 [INFO] Processed 56000 rows...
2026-05-01 01:39:02,184 [INFO] Processed 57000 rows...
2026-05-01 01:39:02,209 [INFO] Processed 58000 rows...
2026-05-01 01:39:02,236 [INFO] Processed 59000 rows...
2026-05-01 01:39:02,261 [INFO] Processed 60000 rows...
2026-05-01 01:39:02,286 [INFO] Processed 61000 rows...
2026-05-01 01:39:02,311 [INFO] Processed 62000 rows...
2026-05-01 01:39:02,336 [INFO] Processed 63000 rows...
2026-05-01 01:39:02,361 [INFO] Processed 64000 rows...
2026-05-01 01:39:02,386 [INFO] Processed 65000 rows...
2026-05-01 01:39:02,411 [INFO] Processed 66000 rows...
2026-05-01 01:39:02,436 [INFO] Processed 67000 rows...
2026-05-01 01:39:02,461 [INFO] Processed 68000 rows...
2026-05-01 01:39:02,486 [INFO] Processed 69000 rows...
2026-05-01 01:39:02,511 [INFO] Processed 70000 rows...
2026-05-01 01:39:02,536 [INFO] Processed 71000 rows...
2026-05-01 01:39:02,561 [INFO] Processed 72000 rows...
2026-05-01 01:39:02,586 [INFO] Processed 73000 rows...
2026-05-01 01:39:02,611 [INFO] Processed 74000 rows...
2026-05-01 01:39:02,636 [INFO] Processed 75000 rows...
2026-05-01 01:39:02,660 [INFO] Processed 76000 rows...
2026-05-01 01:39:02,685 [INFO] Processed 77000 rows...
2026-05-01 01:39:02,716 [INFO] Processed 78000 rows...
2026-05-01 01:39:02,741 [INFO] Processed 79000 rows...
2026-05-01 01:39:02,766 [INFO] Processed 80000 rows...
2026-05-01 01:39:02,791 [INFO] Processed 81000 rows...
2026-05-01 01:39:02,816 [INFO] Processed 82000 rows...
2026-05-01 01:39:02,841 [INFO] Processed 83000 rows...
2026-05-01 01:39:02,866 [INFO] Processed 84000 rows...
2026-05-01 01:39:02,891 [INFO] Processed 85000 rows...
2026-05-01 01:39:02,916 [INFO] Processed 86000 rows...
2026-05-01 01:39:02,942 [INFO] Processed 87000 rows...
2026-05-01 01:39:02,967 [INFO] Processed 88000 rows...
2026-05-01 01:39:02,992 [INFO] Processed 89000 rows...
2026-05-01 01:39:03,018 [INFO] Processed 90000 rows...
2026-05-01 01:39:03,043 [INFO] Processed 91000 rows...
2026-05-01 01:39:03,068 [INFO] Processed 92000 rows...
2026-05-01 01:39:03,093 [INFO] Processed 93000 rows...
2026-05-01 01:39:03,118 [INFO] Processed 94000 rows...
2026-05-01 01:39:03,143 [INFO] Processed 95000 rows...
2026-05-01 01:39:03,168 [INFO] Processed 96000 rows...
2026-05-01 01:39:03,193 [INFO] Processed 97000 rows...
2026-05-01 01:39:03,218 [INFO] Processed 98000 rows...
2026-05-01 01:39:03,243 [INFO] Processed 99000 rows...
2026-05-01 01:39:03,272 [INFO] Processed 100000 rows...
2026-05-01 01:39:03,272 [INFO] === Cleaning Completed ===
2026-05-01 01:39:03,272 [INFO] Processed rows: 100000
2026-05-01 01:39:03,272 [INFO] Skipped rows: 0
2026-05-01 01:39:03,272 [INFO] Duration: 2.56 seconds
