2026-05-03 01:07:49,375 [INFO] === 500K Cleaning Started ===
2026-05-03 01:07:49,375 [INFO] Input directory: /home/parth/bigdata_project/raw/data_Q1_2024
2026-05-03 01:07:49,375 [INFO] Output file: /home/parth/bigdata_project/clean/smart_telemetry_5M.csv
2026-05-03 01:07:49,375 [INFO] Row limit: 5000000
2026-05-03 01:07:49,376 [INFO] Processing file 1: /home/parth/bigdata_project/raw/data_Q1_2024/2024-01-01.csv
2026-05-03 01:07:49,652 [INFO] Processed 10000 rows...
2026-05-03 01:07:49,896 [INFO] Processed 20000 rows...
2026-05-03 01:07:50,143 [INFO] Processed 30000 rows...
2026-05-03 01:07:50,390 [INFO] Processed 40000 rows...
2026-05-03 01:07:50,635 [INFO] Processed 50000 rows...
2026-05-03 01:07:50,880 [INFO] Processed 60000 rows...
2026-05-03 01:07:51,131 [INFO] Processed 70000 rows...
2026-05-03 01:07:51,389 [INFO] Processed 80000 rows...
2026-05-03 01:07:51,637 [INFO] Processed 90000 rows...
2026-05-03 01:07:51,885 [INFO] Processed 100000 rows...
2026-05-03 01:07:52,131 [INFO] Processed 110000 rows...
2026-05-03 01:07:52,378 [INFO] Processed 120000 rows...
2026-05-03 01:07:52,632 [INFO] Processed 130000 rows...
2026-05-03 01:07:52,878 [INFO] Processed 140000 rows...
2026-05-03 01:07:53,124 [INFO] Processed 150000 rows...
2026-05-03 01:07:53,368 [INFO] Processed 160000 rows...
2026-05-03 01:07:53,621 [INFO] Processed 170000 rows...
2026-05-03 01:07:53,882 [INFO] Processed 180000 rows...
2026-05-03 01:07:54,125 [INFO] Processed 190000 rows...
2026-05-03 01:07:54,395 [INFO] Processed 200000 rows...
2026-05-03 01:07:54,656 [INFO] Processed 210000 rows...
2026-05-03 01:07:54,898 [INFO] Processed 220000 rows...
2026-05-03 01:07:55,148 [INFO] Processed 230000 rows...
2026-05-03 01:07:55,394 [INFO] Processed 240000 rows...
2026-05-03 01:07:55,635 [INFO] Processed 250000 rows...
2026-05-03 01:07:55,879 [INFO] Processed 260000 rows...
2026-05-03 01:07:56,123 [INFO] Processed 270000 rows...
2026-05-03 01:07:56,239 [INFO] Processing file 2: /home/parth/bigdata_project/raw/data_Q1_2024/2024-01-02.csv
2026-05-03 01:07:56,380 [INFO] Processed 280000 rows...
2026-05-03 01:07:56,627 [INFO] Processed 290000 rows...
2026-05-03 01:07:56,871 [INFO] Processed 300000 rows...
2026-05-03 01:07:57,119 [INFO] Processed 310000 rows...
2026-05-03 01:07:57,363 [INFO] Processed 320000 rows...
2026-05-03 01:07:57,605 [INFO] Processed 330000 rows...
2026-05-03 01:07:57,852 [INFO] Processed 340000 rows...
2026-05-03 01:07:58,097 [INFO] Processed 350000 rows...
2026-05-03 01:07:58,344 [INFO] Processed 360000 rows...
2026-05-03 01:07:58,591 [INFO] Processed 370000 rows...
2026-05-03 01:07:58,838 [INFO] Processed 380000 rows...
2026-05-03 01:07:59,087 [INFO] Processed 390000 rows...
2026-05-03 01:07:59,334 [INFO] Processed 400000 rows...
2026-05-03 01:07:59,617 [INFO] Processed 410000 rows...
2026-05-03 01:07:59,866 [INFO] Processed 420000 rows...
2026-05-03 01:08:00,114 [INFO] Processed 430000 rows...
2026-05-03 01:08:00,359 [INFO] Processed 440000 rows...
2026-05-03 01:08:00,605 [INFO] Processed 450000 rows...
2026-05-03 01:08:00,849 [INFO] Processed 460000 rows...
2026-05-03 01:08:01,094 [INFO] Processed 470000 rows...
2026-05-03 01:08:01,339 [INFO] Processed 480000 rows...
2026-05-03 01:08:01,584 [INFO] Processed 490000 rows...
2026-05-03 01:08:01,828 [INFO] Processed 500000 rows...
2026-05-03 01:08:02,074 [INFO] Processed 510000 rows...
2026-05-03 01:08:02,318 [INFO] Processed 520000 rows...
2026-05-03 01:08:02,563 [INFO] Processed 530000 rows...
2026-05-03 01:08:02,808 [INFO] Processed 540000 rows...
2026-05-03 01:08:03,035 [INFO] Processing file 3: /home/parth/bigdata_project/raw/data_Q1_2024/2024-01-03.csv
2026-05-03 01:08:03,058 [INFO] Processed 550000 rows...
2026-05-03 01:08:03,306 [INFO] Processed 560000 rows...
2026-05-03 01:08:03,550 [INFO] Processed 570000 rows...
2026-05-03 01:08:03,798 [INFO] Processed 580000 rows...
2026-05-03 01:08:04,045 [INFO] Processed 590000 rows...
2026-05-03 01:08:04,291 [INFO] Processed 600000 rows...
2026-05-03 01:08:04,582 [INFO] Processed 610000 rows...
2026-05-03 01:08:04,828 [INFO] Processed 620000 rows...
2026-05-03 01:08:05,072 [INFO] Processed 630000 rows...
2026-05-03 01:08:05,321 [INFO] Processed 640000 rows...
2026-05-03 01:08:05,566 [INFO] Processed 650000 rows...
2026-05-03 01:08:05,811 [INFO] Processed 660000 rows...
2026-05-03 01:08:06,056 [INFO] Processed 670000 rows...
2026-05-03 01:08:06,296 [INFO] Processed 680000 rows...
2026-05-03 01:08:06,541 [INFO] Processed 690000 rows...
2026-05-03 01:08:06,790 [INFO] Processed 700000 rows...
2026-05-03 01:08:07,034 [INFO] Processed 710000 rows...
2026-05-03 01:08:07,280 [INFO] Processed 720000 rows...
2026-05-03 01:08:07,524 [INFO] Processed 730000 rows...
2026-05-03 01:08:07,767 [INFO] Processed 740000 rows...
2026-05-03 01:08:08,012 [INFO] Processed 750000 rows...
2026-05-03 01:08:08,254 [INFO] Processed 760000 rows...
2026-05-03 01:08:08,495 [INFO] Processed 770000 rows...
2026-05-03 01:08:08,739 [INFO] Processed 780000 rows...
2026-05-03 01:08:08,984 [INFO] Processed 790000 rows...
2026-05-03 01:08:09,247 [INFO] Processed 800000 rows...
2026-05-03 01:08:09,508 [INFO] Processed 810000 rows...
2026-05-03 01:08:09,769 [INFO] Processed 820000 rows...
2026-05-03 01:08:09,865 [INFO] Processing file 4: /home/parth/bigdata_project/raw/data_Q1_2024/2024-01-04.csv
2026-05-03 01:08:10,023 [INFO] Processed 830000 rows...
2026-05-03 01:08:10,269 [INFO] Processed 840000 rows...
2026-05-03 01:08:10,515 [INFO] Processed 850000 rows...
2026-05-03 01:08:10,762 [INFO] Processed 860000 rows...
2026-05-03 01:08:11,007 [INFO] Processed 870000 rows...
2026-05-03 01:08:11,268 [INFO] Processed 880000 rows...
2026-05-03 01:08:11,516 [INFO] Processed 890000 rows...
2026-05-03 01:08:11,763 [INFO] Processed 900000 rows...
2026-05-03 01:08:12,031 [INFO] Processed 910000 rows...
2026-05-03 01:08:12,278 [INFO] Processed 920000 rows...
2026-05-03 01:08:12,528 [INFO] Processed 930000 rows...
2026-05-03 01:08:12,774 [INFO] Processed 940000 rows...
2026-05-03 01:08:13,017 [INFO] Processed 950000 rows...
2026-05-03 01:08:13,260 [INFO] Processed 960000 rows...
2026-05-03 01:08:13,522 [INFO] Processed 970000 rows...
2026-05-03 01:08:13,769 [INFO] Processed 980000 rows...
2026-05-03 01:08:14,076 [INFO] Processed 990000 rows...
2026-05-03 01:08:14,415 [INFO] Processed 1000000 rows...
2026-05-03 01:08:14,682 [INFO] Processed 1010000 rows...
2026-05-03 01:08:14,965 [INFO] Processed 1020000 rows...
2026-05-03 01:08:15,211 [INFO] Processed 1030000 rows...
2026-05-03 01:08:15,455 [INFO] Processed 1040000 rows...
2026-05-03 01:08:15,700 [INFO] Processed 1050000 rows...
2026-05-03 01:08:15,946 [INFO] Processed 1060000 rows...
2026-05-03 01:08:16,194 [INFO] Processed 1070000 rows...
2026-05-03 01:08:16,453 [INFO] Processed 1080000 rows...
2026-05-03 01:08:16,699 [INFO] Processed 1090000 rows...
2026-05-03 01:08:16,908 [INFO] Processing file 5: /home/parth/bigdata_project/raw/data_Q1_2024/2024-01-05.csv
2026-05-03 01:08:16,949 [INFO] Processed 1100000 rows...
2026-05-03 01:08:17,198 [INFO] Processed 1110000 rows...
2026-05-03 01:08:17,443 [INFO] Processed 1120000 rows...
2026-05-03 01:08:17,691 [INFO] Processed 1130000 rows...
2026-05-03 01:08:17,938 [INFO] Processed 1140000 rows...
2026-05-03 01:08:18,183 [INFO] Processed 1150000 rows...
2026-05-03 01:08:18,429 [INFO] Processed 1160000 rows...
2026-05-03 01:08:18,675 [INFO] Processed 1170000 rows...
2026-05-03 01:08:18,920 [INFO] Processed 1180000 rows...
2026-05-03 01:08:19,168 [INFO] Processed 1190000 rows...
2026-05-03 01:08:19,434 [INFO] Processed 1200000 rows...
2026-05-03 01:08:19,687 [INFO] Processed 1210000 rows...
2026-05-03 01:08:19,933 [INFO] Processed 1220000 rows...
2026-05-03 01:08:20,175 [INFO] Processed 1230000 rows...
2026-05-03 01:08:20,421 [INFO] Processed 1240000 rows...
2026-05-03 01:08:20,669 [INFO] Processed 1250000 rows...
2026-05-03 01:08:20,914 [INFO] Processed 1260000 rows...
2026-05-03 01:08:21,159 [INFO] Processed 1270000 rows...
2026-05-03 01:08:21,405 [INFO] Processed 1280000 rows...
2026-05-03 01:08:21,648 [INFO] Processed 1290000 rows...
2026-05-03 01:08:22,135 [INFO] Processed 1300000 rows...
2026-05-03 01:08:22,583 [INFO] Processed 1310000 rows...
2026-05-03 01:08:22,826 [INFO] Processed 1320000 rows...
2026-05-03 01:08:23,071 [INFO] Processed 1330000 rows...
2026-05-03 01:08:23,317 [INFO] Processed 1340000 rows...
2026-05-03 01:08:23,559 [INFO] Processed 1350000 rows...
2026-05-03 01:08:23,804 [INFO] Processed 1360000 rows...
2026-05-03 01:08:24,047 [INFO] Processed 1370000 rows...
2026-05-03 01:08:24,126 [INFO] Processing file 6: /home/parth/bigdata_project/raw/data_Q1_2024/2024-01-06.csv
2026-05-03 01:08:24,303 [INFO] Processed 1380000 rows...
2026-05-03 01:08:24,569 [INFO] Processed 1390000 rows...
2026-05-03 01:08:24,816 [INFO] Processed 1400000 rows...
2026-05-03 01:08:25,062 [INFO] Processed 1410000 rows...
2026-05-03 01:08:25,305 [INFO] Processed 1420000 rows...
2026-05-03 01:08:25,547 [INFO] Processed 1430000 rows...
2026-05-03 01:08:25,793 [INFO] Processed 1440000 rows...
2026-05-03 01:08:26,035 [INFO] Processed 1450000 rows...
2026-05-03 01:08:26,283 [INFO] Processed 1460000 rows...
2026-05-03 01:08:26,529 [INFO] Processed 1470000 rows...
2026-05-03 01:08:26,773 [INFO] Processed 1480000 rows...
2026-05-03 01:08:27,017 [INFO] Processed 1490000 rows...
2026-05-03 01:08:27,259 [INFO] Processed 1500000 rows...
2026-05-03 01:08:27,500 [INFO] Processed 1510000 rows...
2026-05-03 01:08:27,745 [INFO] Processed 1520000 rows...
2026-05-03 01:08:27,989 [INFO] Processed 1530000 rows...
2026-05-03 01:08:28,232 [INFO] Processed 1540000 rows...
2026-05-03 01:08:28,475 [INFO] Processed 1550000 rows...
2026-05-03 01:08:28,717 [INFO] Processed 1560000 rows...
2026-05-03 01:08:28,962 [INFO] Processed 1570000 rows...
2026-05-03 01:08:29,209 [INFO] Processed 1580000 rows...
2026-05-03 01:08:29,452 [INFO] Processed 1590000 rows...
2026-05-03 01:08:29,694 [INFO] Processed 1600000 rows...
2026-05-03 01:08:29,939 [INFO] Processed 1610000 rows...
2026-05-03 01:08:30,181 [INFO] Processed 1620000 rows...
2026-05-03 01:08:30,425 [INFO] Processed 1630000 rows...
2026-05-03 01:08:30,668 [INFO] Processed 1640000 rows...
2026-05-03 01:08:30,860 [INFO] Processing file 7: /home/parth/bigdata_project/raw/data_Q1_2024/2024-01-07.csv
2026-05-03 01:08:30,912 [INFO] Processed 1650000 rows...
2026-05-03 01:08:31,164 [INFO] Processed 1660000 rows...
2026-05-03 01:08:31,406 [INFO] Processed 1670000 rows...
2026-05-03 01:08:31,653 [INFO] Processed 1680000 rows...
2026-05-03 01:08:31,898 [INFO] Processed 1690000 rows...
2026-05-03 01:08:32,141 [INFO] Processed 1700000 rows...
2026-05-03 01:08:32,386 [INFO] Processed 1710000 rows...
2026-05-03 01:08:32,630 [INFO] Processed 1720000 rows...
2026-05-03 01:08:32,873 [INFO] Processed 1730000 rows...
2026-05-03 01:08:33,118 [INFO] Processed 1740000 rows...
2026-05-03 01:08:33,363 [INFO] Processed 1750000 rows...
2026-05-03 01:08:33,607 [INFO] Processed 1760000 rows...
2026-05-03 01:08:33,850 [INFO] Processed 1770000 rows...
2026-05-03 01:08:34,089 [INFO] Processed 1780000 rows...
2026-05-03 01:08:34,334 [INFO] Processed 1790000 rows...
2026-05-03 01:08:34,580 [INFO] Processed 1800000 rows...
2026-05-03 01:08:34,822 [INFO] Processed 1810000 rows...
2026-05-03 01:08:35,065 [INFO] Processed 1820000 rows...
2026-05-03 01:08:35,311 [INFO] Processed 1830000 rows...
2026-05-03 01:08:35,553 [INFO] Processed 1840000 rows...
2026-05-03 01:08:35,796 [INFO] Processed 1850000 rows...
2026-05-03 01:08:36,037 [INFO] Processed 1860000 rows...
2026-05-03 01:08:36,279 [INFO] Processed 1870000 rows...
2026-05-03 01:08:36,523 [INFO] Processed 1880000 rows...
2026-05-03 01:08:36,767 [INFO] Processed 1890000 rows...
2026-05-03 01:08:37,012 [INFO] Processed 1900000 rows...
2026-05-03 01:08:37,256 [INFO] Processed 1910000 rows...
2026-05-03 01:08:37,497 [INFO] Processed 1920000 rows...
2026-05-03 01:08:37,559 [INFO] Processing file 8: /home/parth/bigdata_project/raw/data_Q1_2024/2024-01-08.csv
2026-05-03 01:08:37,743 [INFO] Processed 1930000 rows...
2026-05-03 01:08:37,986 [INFO] Processed 1940000 rows...
2026-05-03 01:08:38,232 [INFO] Processed 1950000 rows...
2026-05-03 01:08:38,480 [INFO] Processed 1960000 rows...
2026-05-03 01:08:38,723 [INFO] Processed 1970000 rows...
2026-05-03 01:08:38,965 [INFO] Processed 1980000 rows...
2026-05-03 01:08:39,211 [INFO] Processed 1990000 rows...
2026-05-03 01:08:39,454 [INFO] Processed 2000000 rows...
2026-05-03 01:08:39,700 [INFO] Processed 2010000 rows...
2026-05-03 01:08:39,946 [INFO] Processed 2020000 rows...
2026-05-03 01:08:40,191 [INFO] Processed 2030000 rows...
2026-05-03 01:08:40,435 [INFO] Processed 2040000 rows...
2026-05-03 01:08:40,676 [INFO] Processed 2050000 rows...
2026-05-03 01:08:40,919 [INFO] Processed 2060000 rows...
2026-05-03 01:08:41,165 [INFO] Processed 2070000 rows...
2026-05-03 01:08:41,426 [INFO] Processed 2080000 rows...
2026-05-03 01:08:41,668 [INFO] Processed 2090000 rows...
2026-05-03 01:08:41,913 [INFO] Processed 2100000 rows...
2026-05-03 01:08:42,156 [INFO] Processed 2110000 rows...
2026-05-03 01:08:42,403 [INFO] Processed 2120000 rows...
2026-05-03 01:08:42,645 [INFO] Processed 2130000 rows...
2026-05-03 01:08:42,887 [INFO] Processed 2140000 rows...
2026-05-03 01:08:43,130 [INFO] Processed 2150000 rows...
2026-05-03 01:08:43,376 [INFO] Processed 2160000 rows...
2026-05-03 01:08:43,617 [INFO] Processed 2170000 rows...
2026-05-03 01:08:43,861 [INFO] Processed 2180000 rows...
2026-05-03 01:08:44,106 [INFO] Processed 2190000 rows...
2026-05-03 01:08:44,283 [INFO] Processing file 9: /home/parth/bigdata_project/raw/data_Q1_2024/2024-01-09.csv
2026-05-03 01:08:44,352 [INFO] Processed 2200000 rows...
2026-05-03 01:08:44,599 [INFO] Processed 2210000 rows...
2026-05-03 01:08:44,842 [INFO] Processed 2220000 rows...
2026-05-03 01:08:45,091 [INFO] Processed 2230000 rows...
2026-05-03 01:08:45,335 [INFO] Processed 2240000 rows...
2026-05-03 01:08:45,581 [INFO] Processed 2250000 rows...
2026-05-03 01:08:45,827 [INFO] Processed 2260000 rows...
2026-05-03 01:08:46,072 [INFO] Processed 2270000 rows...
2026-05-03 01:08:46,319 [INFO] Processed 2280000 rows...
2026-05-03 01:08:46,568 [INFO] Processed 2290000 rows...
2026-05-03 01:08:46,812 [INFO] Processed 2300000 rows...
2026-05-03 01:08:47,058 [INFO] Processed 2310000 rows...
2026-05-03 01:08:47,303 [INFO] Processed 2320000 rows...
2026-05-03 01:08:47,544 [INFO] Processed 2330000 rows...
2026-05-03 01:08:47,792 [INFO] Processed 2340000 rows...
2026-05-03 01:08:48,039 [INFO] Processed 2350000 rows...
2026-05-03 01:08:48,283 [INFO] Processed 2360000 rows...
2026-05-03 01:08:48,529 [INFO] Processed 2370000 rows...
2026-05-03 01:08:48,773 [INFO] Processed 2380000 rows...
2026-05-03 01:08:49,016 [INFO] Processed 2390000 rows...
2026-05-03 01:08:49,262 [INFO] Processed 2400000 rows...
2026-05-03 01:08:49,504 [INFO] Processed 2410000 rows...
2026-05-03 01:08:49,746 [INFO] Processed 2420000 rows...
2026-05-03 01:08:49,991 [INFO] Processed 2430000 rows...
2026-05-03 01:08:50,236 [INFO] Processed 2440000 rows...
2026-05-03 01:08:50,500 [INFO] Processed 2450000 rows...
2026-05-03 01:08:50,745 [INFO] Processed 2460000 rows...
2026-05-03 01:08:50,989 [INFO] Processed 2470000 rows...
2026-05-03 01:08:51,036 [INFO] Processing file 10: /home/parth/bigdata_project/raw/data_Q1_2024/2024-01-10.csv
2026-05-03 01:08:51,238 [INFO] Processed 2480000 rows...
2026-05-03 01:08:51,483 [INFO] Processed 2490000 rows...
2026-05-03 01:08:51,731 [INFO] Processed 2500000 rows...
2026-05-03 01:08:51,980 [INFO] Processed 2510000 rows...
2026-05-03 01:08:52,225 [INFO] Processed 2520000 rows...
2026-05-03 01:08:52,469 [INFO] Processed 2530000 rows...
2026-05-03 01:08:52,716 [INFO] Processed 2540000 rows...
2026-05-03 01:08:52,961 [INFO] Processed 2550000 rows...
2026-05-03 01:08:53,208 [INFO] Processed 2560000 rows...
2026-05-03 01:08:53,455 [INFO] Processed 2570000 rows...
2026-05-03 01:08:54,249 [INFO] Processed 2580000 rows...
2026-05-03 01:08:54,653 [INFO] Processed 2590000 rows...
2026-05-03 01:08:54,897 [INFO] Processed 2600000 rows...
2026-05-03 01:08:55,141 [INFO] Processed 2610000 rows...
2026-05-03 01:08:55,390 [INFO] Processed 2620000 rows...
2026-05-03 01:08:55,648 [INFO] Processed 2630000 rows...
2026-05-03 01:08:55,892 [INFO] Processed 2640000 rows...
2026-05-03 01:08:56,140 [INFO] Processed 2650000 rows...
2026-05-03 01:08:56,399 [INFO] Processed 2660000 rows...
2026-05-03 01:08:56,645 [INFO] Processed 2670000 rows...
2026-05-03 01:08:56,889 [INFO] Processed 2680000 rows...
2026-05-03 01:08:57,134 [INFO] Processed 2690000 rows...
2026-05-03 01:08:57,378 [INFO] Processed 2700000 rows...
2026-05-03 01:08:57,644 [INFO] Processed 2710000 rows...
2026-05-03 01:08:57,910 [INFO] Processed 2720000 rows...
2026-05-03 01:08:58,155 [INFO] Processed 2730000 rows...
2026-05-03 01:08:58,400 [INFO] Processed 2740000 rows...
2026-05-03 01:08:58,561 [INFO] Processing file 11: /home/parth/bigdata_project/raw/data_Q1_2024/2024-01-11.csv
2026-05-03 01:08:58,659 [INFO] Processed 2750000 rows...
2026-05-03 01:08:58,907 [INFO] Processed 2760000 rows...
2026-05-03 01:08:59,309 [INFO] Processed 2770000 rows...
2026-05-03 01:08:59,602 [INFO] Processed 2780000 rows...
2026-05-03 01:08:59,883 [INFO] Processed 2790000 rows...
2026-05-03 01:09:00,132 [INFO] Processed 2800000 rows...
2026-05-03 01:09:00,377 [INFO] Processed 2810000 rows...
2026-05-03 01:09:00,623 [INFO] Processed 2820000 rows...
2026-05-03 01:09:00,869 [INFO] Processed 2830000 rows...
2026-05-03 01:09:01,117 [INFO] Processed 2840000 rows...
2026-05-03 01:09:01,364 [INFO] Processed 2850000 rows...
2026-05-03 01:09:01,610 [INFO] Processed 2860000 rows...
2026-05-03 01:09:01,854 [INFO] Processed 2870000 rows...
2026-05-03 01:09:02,112 [INFO] Processed 2880000 rows...
2026-05-03 01:09:02,359 [INFO] Processed 2890000 rows...
2026-05-03 01:09:02,606 [INFO] Processed 2900000 rows...
2026-05-03 01:09:02,850 [INFO] Processed 2910000 rows...
2026-05-03 01:09:03,096 [INFO] Processed 2920000 rows...
2026-05-03 01:09:03,340 [INFO] Processed 2930000 rows...
2026-05-03 01:09:03,584 [INFO] Processed 2940000 rows...
2026-05-03 01:09:03,839 [INFO] Processed 2950000 rows...
2026-05-03 01:09:04,082 [INFO] Processed 2960000 rows...
2026-05-03 01:09:04,326 [INFO] Processed 2970000 rows...
2026-05-03 01:09:04,623 [INFO] Processed 2980000 rows...
2026-05-03 01:09:04,868 [INFO] Processed 2990000 rows...
2026-05-03 01:09:05,110 [INFO] Processed 3000000 rows...
2026-05-03 01:09:05,355 [INFO] Processed 3010000 rows...
2026-05-03 01:09:05,598 [INFO] Processed 3020000 rows...
2026-05-03 01:09:05,630 [INFO] Processing file 12: /home/parth/bigdata_project/raw/data_Q1_2024/2024-01-12.csv
2026-05-03 01:09:05,852 [INFO] Processed 3030000 rows...
2026-05-03 01:09:06,095 [INFO] Processed 3040000 rows...
2026-05-03 01:09:06,346 [INFO] Processed 3050000 rows...
2026-05-03 01:09:06,593 [INFO] Processed 3060000 rows...
2026-05-03 01:09:06,839 [INFO] Processed 3070000 rows...
2026-05-03 01:09:07,085 [INFO] Processed 3080000 rows...
2026-05-03 01:09:07,332 [INFO] Processed 3090000 rows...
2026-05-03 01:09:07,576 [INFO] Processed 3100000 rows...
2026-05-03 01:09:07,824 [INFO] Processed 3110000 rows...
2026-05-03 01:09:08,069 [INFO] Processed 3120000 rows...
2026-05-03 01:09:08,316 [INFO] Processed 3130000 rows...
2026-05-03 01:09:08,560 [INFO] Processed 3140000 rows...
2026-05-03 01:09:08,802 [INFO] Processed 3150000 rows...
2026-05-03 01:09:09,048 [INFO] Processed 3160000 rows...
2026-05-03 01:09:09,296 [INFO] Processed 3170000 rows...
2026-05-03 01:09:09,575 [INFO] Processed 3180000 rows...
2026-05-03 01:09:09,836 [INFO] Processed 3190000 rows...
2026-05-03 01:09:10,081 [INFO] Processed 3200000 rows...
2026-05-03 01:09:10,326 [INFO] Processed 3210000 rows...
2026-05-03 01:09:10,571 [INFO] Processed 3220000 rows...
2026-05-03 01:09:10,814 [INFO] Processed 3230000 rows...
2026-05-03 01:09:11,057 [INFO] Processed 3240000 rows...
2026-05-03 01:09:11,306 [INFO] Processed 3250000 rows...
2026-05-03 01:09:11,551 [INFO] Processed 3260000 rows...
2026-05-03 01:09:11,794 [INFO] Processed 3270000 rows...
2026-05-03 01:09:12,041 [INFO] Processed 3280000 rows...
2026-05-03 01:09:12,283 [INFO] Processed 3290000 rows...
2026-05-03 01:09:12,364 [INFO] Processing file 13: /home/parth/bigdata_project/raw/data_Q1_2024/2024-01-13.csv
2026-05-03 01:09:12,545 [INFO] Processed 3300000 rows...
2026-05-03 01:09:12,789 [INFO] Processed 3310000 rows...
2026-05-03 01:09:13,037 [INFO] Processed 3320000 rows...
2026-05-03 01:09:13,284 [INFO] Processed 3330000 rows...
2026-05-03 01:09:13,530 [INFO] Processed 3340000 rows...
2026-05-03 01:09:13,776 [INFO] Processed 3350000 rows...
2026-05-03 01:09:14,029 [INFO] Processed 3360000 rows...
2026-05-03 01:09:14,283 [INFO] Processed 3370000 rows...
2026-05-03 01:09:14,617 [INFO] Processed 3380000 rows...
2026-05-03 01:09:14,916 [INFO] Processed 3390000 rows...
2026-05-03 01:09:15,166 [INFO] Processed 3400000 rows...
2026-05-03 01:09:15,412 [INFO] Processed 3410000 rows...
2026-05-03 01:09:15,655 [INFO] Processed 3420000 rows...
2026-05-03 01:09:15,901 [INFO] Processed 3430000 rows...
2026-05-03 01:09:16,153 [INFO] Processed 3440000 rows...
2026-05-03 01:09:16,417 [INFO] Processed 3450000 rows...
2026-05-03 01:09:16,663 [INFO] Processed 3460000 rows...
2026-05-03 01:09:16,910 [INFO] Processed 3470000 rows...
2026-05-03 01:09:17,154 [INFO] Processed 3480000 rows...
2026-05-03 01:09:17,410 [INFO] Processed 3490000 rows...
2026-05-03 01:09:17,654 [INFO] Processed 3500000 rows...
2026-05-03 01:09:17,898 [INFO] Processed 3510000 rows...
2026-05-03 01:09:18,144 [INFO] Processed 3520000 rows...
2026-05-03 01:09:18,390 [INFO] Processed 3530000 rows...
2026-05-03 01:09:18,633 [INFO] Processed 3540000 rows...
2026-05-03 01:09:18,879 [INFO] Processed 3550000 rows...
2026-05-03 01:09:19,125 [INFO] Processed 3560000 rows...
2026-05-03 01:09:19,254 [INFO] Processing file 14: /home/parth/bigdata_project/raw/data_Q1_2024/2024-01-14.csv
2026-05-03 01:09:19,379 [INFO] Processed 3570000 rows...
2026-05-03 01:09:19,668 [INFO] Processed 3580000 rows...
2026-05-03 01:09:19,915 [INFO] Processed 3590000 rows...
2026-05-03 01:09:20,164 [INFO] Processed 3600000 rows...
2026-05-03 01:09:20,408 [INFO] Processed 3610000 rows...
2026-05-03 01:09:20,653 [INFO] Processed 3620000 rows...
2026-05-03 01:09:20,900 [INFO] Processed 3630000 rows...
2026-05-03 01:09:21,145 [INFO] Processed 3640000 rows...
2026-05-03 01:09:21,392 [INFO] Processed 3650000 rows...
2026-05-03 01:09:21,639 [INFO] Processed 3660000 rows...
2026-05-03 01:09:21,904 [INFO] Processed 3670000 rows...
2026-05-03 01:09:22,161 [INFO] Processed 3680000 rows...
2026-05-03 01:09:22,404 [INFO] Processed 3690000 rows...
2026-05-03 01:09:22,647 [INFO] Processed 3700000 rows...
2026-05-03 01:09:22,895 [INFO] Processed 3710000 rows...
2026-05-03 01:09:23,156 [INFO] Processed 3720000 rows...
2026-05-03 01:09:23,400 [INFO] Processed 3730000 rows...
2026-05-03 01:09:23,646 [INFO] Processed 3740000 rows...
2026-05-03 01:09:23,889 [INFO] Processed 3750000 rows...
2026-05-03 01:09:24,134 [INFO] Processed 3760000 rows...
2026-05-03 01:09:24,377 [INFO] Processed 3770000 rows...
2026-05-03 01:09:24,657 [INFO] Processed 3780000 rows...
2026-05-03 01:09:24,901 [INFO] Processed 3790000 rows...
2026-05-03 01:09:25,147 [INFO] Processed 3800000 rows...
2026-05-03 01:09:25,609 [INFO] Processed 3810000 rows...
2026-05-03 01:09:26,092 [INFO] Processed 3820000 rows...
2026-05-03 01:09:26,340 [INFO] Processed 3830000 rows...
2026-05-03 01:09:26,516 [INFO] Processing file 15: /home/parth/bigdata_project/raw/data_Q1_2024/2024-01-15.csv
2026-05-03 01:09:26,587 [INFO] Processed 3840000 rows...
2026-05-03 01:09:26,853 [INFO] Processed 3850000 rows...
2026-05-03 01:09:27,098 [INFO] Processed 3860000 rows...
2026-05-03 01:09:27,348 [INFO] Processed 3870000 rows...
2026-05-03 01:09:27,593 [INFO] Processed 3880000 rows...
2026-05-03 01:09:27,838 [INFO] Processed 3890000 rows...
2026-05-03 01:09:28,086 [INFO] Processed 3900000 rows...
2026-05-03 01:09:28,332 [INFO] Processed 3910000 rows...
2026-05-03 01:09:28,578 [INFO] Processed 3920000 rows...
2026-05-03 01:09:28,826 [INFO] Processed 3930000 rows...
2026-05-03 01:09:29,087 [INFO] Processed 3940000 rows...
2026-05-03 01:09:29,359 [INFO] Processed 3950000 rows...
2026-05-03 01:09:29,646 [INFO] Processed 3960000 rows...
2026-05-03 01:09:29,887 [INFO] Processed 3970000 rows...
2026-05-03 01:09:30,138 [INFO] Processed 3980000 rows...
2026-05-03 01:09:30,385 [INFO] Processed 3990000 rows...
2026-05-03 01:09:30,630 [INFO] Processed 4000000 rows...
2026-05-03 01:09:30,875 [INFO] Processed 4010000 rows...
2026-05-03 01:09:31,119 [INFO] Processed 4020000 rows...
2026-05-03 01:09:31,364 [INFO] Processed 4030000 rows...
2026-05-03 01:09:31,608 [INFO] Processed 4040000 rows...
2026-05-03 01:09:31,851 [INFO] Processed 4050000 rows...
2026-05-03 01:09:32,094 [INFO] Processed 4060000 rows...
2026-05-03 01:09:32,340 [INFO] Processed 4070000 rows...
2026-05-03 01:09:32,591 [INFO] Processed 4080000 rows...
2026-05-03 01:09:32,856 [INFO] Processed 4090000 rows...
2026-05-03 01:09:33,111 [INFO] Processed 4100000 rows...
2026-05-03 01:09:33,338 [INFO] Processing file 16: /home/parth/bigdata_project/raw/data_Q1_2024/2024-01-16.csv
2026-05-03 01:09:33,359 [INFO] Processed 4110000 rows...
2026-05-03 01:09:33,610 [INFO] Processed 4120000 rows...
2026-05-03 01:09:33,854 [INFO] Processed 4130000 rows...
2026-05-03 01:09:34,102 [INFO] Processed 4140000 rows...
2026-05-03 01:09:34,366 [INFO] Processed 4150000 rows...
2026-05-03 01:09:34,662 [INFO] Processed 4160000 rows...
2026-05-03 01:09:34,909 [INFO] Processed 4170000 rows...
2026-05-03 01:09:35,154 [INFO] Processed 4180000 rows...
2026-05-03 01:09:35,399 [INFO] Processed 4190000 rows...
2026-05-03 01:09:35,669 [INFO] Processed 4200000 rows...
2026-05-03 01:09:35,915 [INFO] Processed 4210000 rows...
2026-05-03 01:09:36,162 [INFO] Processed 4220000 rows...
2026-05-03 01:09:36,405 [INFO] Processed 4230000 rows...
2026-05-03 01:09:36,647 [INFO] Processed 4240000 rows...
2026-05-03 01:09:36,895 [INFO] Processed 4250000 rows...
2026-05-03 01:09:37,140 [INFO] Processed 4260000 rows...
2026-05-03 01:09:37,389 [INFO] Processed 4270000 rows...
2026-05-03 01:09:37,635 [INFO] Processed 4280000 rows...
2026-05-03 01:09:37,879 [INFO] Processed 4290000 rows...
2026-05-03 01:09:38,122 [INFO] Processed 4300000 rows...
2026-05-03 01:09:38,366 [INFO] Processed 4310000 rows...
2026-05-03 01:09:38,607 [INFO] Processed 4320000 rows...
2026-05-03 01:09:38,857 [INFO] Processed 4330000 rows...
2026-05-03 01:09:39,120 [INFO] Processed 4340000 rows...
2026-05-03 01:09:39,365 [INFO] Processed 4350000 rows...
2026-05-03 01:09:39,646 [INFO] Processed 4360000 rows...
2026-05-03 01:09:39,891 [INFO] Processed 4370000 rows...
2026-05-03 01:09:40,135 [INFO] Processed 4380000 rows...
2026-05-03 01:09:40,163 [INFO] Processing file 17: /home/parth/bigdata_project/raw/data_Q1_2024/2024-01-17.csv
2026-05-03 01:09:40,393 [INFO] Processed 4390000 rows...
2026-05-03 01:09:40,639 [INFO] Processed 4400000 rows...
2026-05-03 01:09:40,890 [INFO] Processed 4410000 rows...
2026-05-03 01:09:41,141 [INFO] Processed 4420000 rows...
2026-05-03 01:09:41,395 [INFO] Processed 4430000 rows...
2026-05-03 01:09:41,644 [INFO] Processed 4440000 rows...
2026-05-03 01:09:41,895 [INFO] Processed 4450000 rows...
2026-05-03 01:09:42,141 [INFO] Processed 4460000 rows...
2026-05-03 01:09:42,391 [INFO] Processed 4470000 rows...
2026-05-03 01:09:42,641 [INFO] Processed 4480000 rows...
2026-05-03 01:09:42,888 [INFO] Processed 4490000 rows...
2026-05-03 01:09:43,135 [INFO] Processed 4500000 rows...
2026-05-03 01:09:43,379 [INFO] Processed 4510000 rows...
2026-05-03 01:09:43,628 [INFO] Processed 4520000 rows...
2026-05-03 01:09:43,877 [INFO] Processed 4530000 rows...
2026-05-03 01:09:44,318 [INFO] Processed 4540000 rows...
2026-05-03 01:09:44,693 [INFO] Processed 4550000 rows...
2026-05-03 01:09:44,962 [INFO] Processed 4560000 rows...
2026-05-03 01:09:45,212 [INFO] Processed 4570000 rows...
2026-05-03 01:09:45,459 [INFO] Processed 4580000 rows...
2026-05-03 01:09:45,705 [INFO] Processed 4590000 rows...
2026-05-03 01:09:45,969 [INFO] Processed 4600000 rows...
2026-05-03 01:09:46,217 [INFO] Processed 4610000 rows...
2026-05-03 01:09:46,473 [INFO] Processed 4620000 rows...
2026-05-03 01:09:46,718 [INFO] Processed 4630000 rows...
2026-05-03 01:09:46,965 [INFO] Processed 4640000 rows...
2026-05-03 01:09:47,209 [INFO] Processed 4650000 rows...
2026-05-03 01:09:47,286 [INFO] Processing file 18: /home/parth/bigdata_project/raw/data_Q1_2024/2024-01-18.csv
2026-05-03 01:09:47,456 [INFO] Processed 4660000 rows...
2026-05-03 01:09:47,699 [INFO] Processed 4670000 rows...
2026-05-03 01:09:47,945 [INFO] Processed 4680000 rows...
2026-05-03 01:09:48,191 [INFO] Processed 4690000 rows...
2026-05-03 01:09:48,435 [INFO] Processed 4700000 rows...
2026-05-03 01:09:48,678 [INFO] Processed 4710000 rows...
2026-05-03 01:09:48,924 [INFO] Processed 4720000 rows...
2026-05-03 01:09:49,167 [INFO] Processed 4730000 rows...
2026-05-03 01:09:49,414 [INFO] Processed 4740000 rows...
2026-05-03 01:09:49,669 [INFO] Processed 4750000 rows...
2026-05-03 01:09:49,914 [INFO] Processed 4760000 rows...
2026-05-03 01:09:50,159 [INFO] Processed 4770000 rows...
2026-05-03 01:09:50,399 [INFO] Processed 4780000 rows...
2026-05-03 01:09:50,644 [INFO] Processed 4790000 rows...
2026-05-03 01:09:50,890 [INFO] Processed 4800000 rows...
2026-05-03 01:09:51,142 [INFO] Processed 4810000 rows...
2026-05-03 01:09:51,386 [INFO] Processed 4820000 rows...
2026-05-03 01:09:51,630 [INFO] Processed 4830000 rows...
2026-05-03 01:09:51,874 [INFO] Processed 4840000 rows...
2026-05-03 01:09:52,118 [INFO] Processed 4850000 rows...
2026-05-03 01:09:52,361 [INFO] Processed 4860000 rows...
2026-05-03 01:09:52,602 [INFO] Processed 4870000 rows...
2026-05-03 01:09:52,846 [INFO] Processed 4880000 rows...
2026-05-03 01:09:53,090 [INFO] Processed 4890000 rows...
2026-05-03 01:09:53,332 [INFO] Processed 4900000 rows...
2026-05-03 01:09:53,576 [INFO] Processed 4910000 rows...
2026-05-03 01:09:53,818 [INFO] Processed 4920000 rows...
2026-05-03 01:09:53,942 [INFO] Processing file 19: /home/parth/bigdata_project/raw/data_Q1_2024/2024-01-19.csv
2026-05-03 01:09:54,064 [INFO] Processed 4930000 rows...
2026-05-03 01:09:54,307 [INFO] Processed 4940000 rows...
2026-05-03 01:09:54,553 [INFO] Processed 4950000 rows...
2026-05-03 01:09:54,801 [INFO] Processed 4960000 rows...
2026-05-03 01:09:55,044 [INFO] Processed 4970000 rows...
2026-05-03 01:09:55,287 [INFO] Processed 4980000 rows...
2026-05-03 01:09:55,543 [INFO] Processed 4990000 rows...
2026-05-03 01:09:55,788 [INFO] Processed 5000000 rows...
2026-05-03 01:09:55,788 [INFO] === 500K Cleaning Completed ===
2026-05-03 01:09:55,788 [INFO] Files processed: 19
2026-05-03 01:09:55,788 [INFO] Processed rows: 5000000
2026-05-03 01:09:55,788 [INFO] Skipped rows: 0
2026-05-03 01:09:55,788 [INFO] Duration: 126.41 seconds
