2026-05-01 03:30:58,121 [INFO] === 500K Cleaning Started ===
2026-05-01 03:30:58,121 [INFO] Input directory: /home/parth/bigdata_project/raw/data_Q1_2024
2026-05-01 03:30:58,121 [INFO] Output file: /home/parth/bigdata_project/clean/smart_telemetry_1M.csv
2026-05-01 03:30:58,121 [INFO] Row limit: 1000000
2026-05-01 03:30:58,122 [INFO] Processing file 1: /home/parth/bigdata_project/raw/data_Q1_2024/2024-01-01.csv
2026-05-01 03:30:58,367 [INFO] Processed 10000 rows...
2026-05-01 03:30:58,608 [INFO] Processed 20000 rows...
2026-05-01 03:30:58,853 [INFO] Processed 30000 rows...
2026-05-01 03:30:59,106 [INFO] Processed 40000 rows...
2026-05-01 03:30:59,361 [INFO] Processed 50000 rows...
2026-05-01 03:30:59,603 [INFO] Processed 60000 rows...
2026-05-01 03:30:59,847 [INFO] Processed 70000 rows...
2026-05-01 03:31:00,089 [INFO] Processed 80000 rows...
2026-05-01 03:31:00,335 [INFO] Processed 90000 rows...
2026-05-01 03:31:00,578 [INFO] Processed 100000 rows...
2026-05-01 03:31:00,820 [INFO] Processed 110000 rows...
2026-05-01 03:31:01,062 [INFO] Processed 120000 rows...
2026-05-01 03:31:01,299 [INFO] Processed 130000 rows...
2026-05-01 03:31:01,541 [INFO] Processed 140000 rows...
2026-05-01 03:31:01,785 [INFO] Processed 150000 rows...
2026-05-01 03:31:02,026 [INFO] Processed 160000 rows...
2026-05-01 03:31:02,268 [INFO] Processed 170000 rows...
2026-05-01 03:31:02,510 [INFO] Processed 180000 rows...
2026-05-01 03:31:02,751 [INFO] Processed 190000 rows...
2026-05-01 03:31:02,992 [INFO] Processed 200000 rows...
2026-05-01 03:31:03,231 [INFO] Processed 210000 rows...
2026-05-01 03:31:03,471 [INFO] Processed 220000 rows...
2026-05-01 03:31:03,711 [INFO] Processed 230000 rows...
2026-05-01 03:31:03,954 [INFO] Processed 240000 rows...
2026-05-01 03:31:04,192 [INFO] Processed 250000 rows...
2026-05-01 03:31:04,432 [INFO] Processed 260000 rows...
2026-05-01 03:31:04,672 [INFO] Processed 270000 rows...
2026-05-01 03:31:04,784 [INFO] Processing file 2: /home/parth/bigdata_project/raw/data_Q1_2024/2024-01-02.csv
2026-05-01 03:31:05,910 [INFO] Processed 280000 rows...
2026-05-01 03:31:06,157 [INFO] Processed 290000 rows...
2026-05-01 03:31:06,399 [INFO] Processed 300000 rows...
2026-05-01 03:31:06,647 [INFO] Processed 310000 rows...
2026-05-01 03:31:06,892 [INFO] Processed 320000 rows...
2026-05-01 03:31:07,135 [INFO] Processed 330000 rows...
2026-05-01 03:31:07,381 [INFO] Processed 340000 rows...
2026-05-01 03:31:07,625 [INFO] Processed 350000 rows...
2026-05-01 03:31:07,869 [INFO] Processed 360000 rows...
2026-05-01 03:31:08,142 [INFO] Processed 370000 rows...
2026-05-01 03:31:08,408 [INFO] Processed 380000 rows...
2026-05-01 03:31:08,652 [INFO] Processed 390000 rows...
2026-05-01 03:31:08,893 [INFO] Processed 400000 rows...
2026-05-01 03:31:09,134 [INFO] Processed 410000 rows...
2026-05-01 03:31:09,380 [INFO] Processed 420000 rows...
2026-05-01 03:31:09,624 [INFO] Processed 430000 rows...
2026-05-01 03:31:09,868 [INFO] Processed 440000 rows...
2026-05-01 03:31:10,112 [INFO] Processed 450000 rows...
2026-05-01 03:31:10,354 [INFO] Processed 460000 rows...
2026-05-01 03:31:10,597 [INFO] Processed 470000 rows...
2026-05-01 03:31:10,839 [INFO] Processed 480000 rows...
2026-05-01 03:31:11,082 [INFO] Processed 490000 rows...
2026-05-01 03:31:11,340 [INFO] Processed 500000 rows...
2026-05-01 03:31:11,588 [INFO] Processed 510000 rows...
2026-05-01 03:31:11,833 [INFO] Processed 520000 rows...
2026-05-01 03:31:12,076 [INFO] Processed 530000 rows...
2026-05-01 03:31:12,325 [INFO] Processed 540000 rows...
2026-05-01 03:31:12,550 [INFO] Processing file 3: /home/parth/bigdata_project/raw/data_Q1_2024/2024-01-03.csv
2026-05-01 03:31:12,568 [INFO] Processed 550000 rows...
2026-05-01 03:31:12,812 [INFO] Processed 560000 rows...
2026-05-01 03:31:13,053 [INFO] Processed 570000 rows...
2026-05-01 03:31:13,298 [INFO] Processed 580000 rows...
2026-05-01 03:31:13,542 [INFO] Processed 590000 rows...
2026-05-01 03:31:13,784 [INFO] Processed 600000 rows...
2026-05-01 03:31:14,033 [INFO] Processed 610000 rows...
2026-05-01 03:31:14,279 [INFO] Processed 620000 rows...
2026-05-01 03:31:14,521 [INFO] Processed 630000 rows...
2026-05-01 03:31:14,766 [INFO] Processed 640000 rows...
2026-05-01 03:31:15,009 [INFO] Processed 650000 rows...
2026-05-01 03:31:15,252 [INFO] Processed 660000 rows...
2026-05-01 03:31:15,494 [INFO] Processed 670000 rows...
2026-05-01 03:31:15,731 [INFO] Processed 680000 rows...
2026-05-01 03:31:15,975 [INFO] Processed 690000 rows...
2026-05-01 03:31:16,219 [INFO] Processed 700000 rows...
2026-05-01 03:31:16,461 [INFO] Processed 710000 rows...
2026-05-01 03:31:16,703 [INFO] Processed 720000 rows...
2026-05-01 03:31:16,945 [INFO] Processed 730000 rows...
2026-05-01 03:31:17,185 [INFO] Processed 740000 rows...
2026-05-01 03:31:17,428 [INFO] Processed 750000 rows...
2026-05-01 03:31:17,667 [INFO] Processed 760000 rows...
2026-05-01 03:31:17,907 [INFO] Processed 770000 rows...
2026-05-01 03:31:18,149 [INFO] Processed 780000 rows...
2026-05-01 03:31:18,391 [INFO] Processed 790000 rows...
2026-05-01 03:31:18,631 [INFO] Processed 800000 rows...
2026-05-01 03:31:18,876 [INFO] Processed 810000 rows...
2026-05-01 03:31:19,117 [INFO] Processed 820000 rows...
2026-05-01 03:31:19,213 [INFO] Processing file 4: /home/parth/bigdata_project/raw/data_Q1_2024/2024-01-04.csv
2026-05-01 03:31:19,390 [INFO] Processed 830000 rows...
2026-05-01 03:31:19,634 [INFO] Processed 840000 rows...
2026-05-01 03:31:19,879 [INFO] Processed 850000 rows...
2026-05-01 03:31:20,128 [INFO] Processed 860000 rows...
2026-05-01 03:31:20,372 [INFO] Processed 870000 rows...
2026-05-01 03:31:20,614 [INFO] Processed 880000 rows...
2026-05-01 03:31:20,860 [INFO] Processed 890000 rows...
2026-05-01 03:31:21,105 [INFO] Processed 900000 rows...
2026-05-01 03:31:21,351 [INFO] Processed 910000 rows...
2026-05-01 03:31:21,597 [INFO] Processed 920000 rows...
2026-05-01 03:31:21,844 [INFO] Processed 930000 rows...
2026-05-01 03:31:22,089 [INFO] Processed 940000 rows...
2026-05-01 03:31:22,331 [INFO] Processed 950000 rows...
2026-05-01 03:31:22,573 [INFO] Processed 960000 rows...
2026-05-01 03:31:22,821 [INFO] Processed 970000 rows...
2026-05-01 03:31:23,066 [INFO] Processed 980000 rows...
2026-05-01 03:31:23,350 [INFO] Processed 990000 rows...
2026-05-01 03:31:23,595 [INFO] Processed 1000000 rows...
2026-05-01 03:31:23,595 [INFO] === 500K Cleaning Completed ===
2026-05-01 03:31:23,595 [INFO] Files processed: 4
2026-05-01 03:31:23,595 [INFO] Processed rows: 1000000
2026-05-01 03:31:23,595 [INFO] Skipped rows: 0
2026-05-01 03:31:23,595 [INFO] Duration: 25.47 seconds
