2026-05-03 03:21:07,226 [INFO] === 500K Cleaning Started ===
2026-05-03 03:21:07,227 [INFO] Input directory: /home/parth/bigdata_project/raw/data_Q1_2024
2026-05-03 03:21:07,227 [INFO] Output file: /home/parth/bigdata_project/clean/smart_telemetry_10M.csv
2026-05-03 03:21:07,227 [INFO] Row limit: 10000000
2026-05-03 03:21:07,228 [INFO] Processing file 1: /home/parth/bigdata_project/raw/data_Q1_2024/2024-01-01.csv
2026-05-03 03:21:07,524 [INFO] Processed 10000 rows...
2026-05-03 03:21:07,768 [INFO] Processed 20000 rows...
2026-05-03 03:21:08,023 [INFO] Processed 30000 rows...
2026-05-03 03:21:08,271 [INFO] Processed 40000 rows...
2026-05-03 03:21:08,516 [INFO] Processed 50000 rows...
2026-05-03 03:21:08,762 [INFO] Processed 60000 rows...
2026-05-03 03:21:09,012 [INFO] Processed 70000 rows...
2026-05-03 03:21:09,272 [INFO] Processed 80000 rows...
2026-05-03 03:21:09,521 [INFO] Processed 90000 rows...
2026-05-03 03:21:09,768 [INFO] Processed 100000 rows...
2026-05-03 03:21:10,014 [INFO] Processed 110000 rows...
2026-05-03 03:21:10,261 [INFO] Processed 120000 rows...
2026-05-03 03:21:10,516 [INFO] Processed 130000 rows...
2026-05-03 03:21:10,762 [INFO] Processed 140000 rows...
2026-05-03 03:21:11,009 [INFO] Processed 150000 rows...
2026-05-03 03:21:11,258 [INFO] Processed 160000 rows...
2026-05-03 03:21:11,505 [INFO] Processed 170000 rows...
2026-05-03 03:21:11,751 [INFO] Processed 180000 rows...
2026-05-03 03:21:11,994 [INFO] Processed 190000 rows...
2026-05-03 03:21:12,373 [INFO] Processed 200000 rows...
2026-05-03 03:21:12,635 [INFO] Processed 210000 rows...
2026-05-03 03:21:12,877 [INFO] Processed 220000 rows...
2026-05-03 03:21:13,130 [INFO] Processed 230000 rows...
2026-05-03 03:21:13,377 [INFO] Processed 240000 rows...
2026-05-03 03:21:13,620 [INFO] Processed 250000 rows...
2026-05-03 03:21:13,866 [INFO] Processed 260000 rows...
2026-05-03 03:21:14,128 [INFO] Processed 270000 rows...
2026-05-03 03:21:14,244 [INFO] Processing file 2: /home/parth/bigdata_project/raw/data_Q1_2024/2024-01-02.csv
2026-05-03 03:21:14,387 [INFO] Processed 280000 rows...
2026-05-03 03:21:14,654 [INFO] Processed 290000 rows...
2026-05-03 03:21:14,901 [INFO] Processed 300000 rows...
2026-05-03 03:21:15,153 [INFO] Processed 310000 rows...
2026-05-03 03:21:15,399 [INFO] Processed 320000 rows...
2026-05-03 03:21:15,644 [INFO] Processed 330000 rows...
2026-05-03 03:21:15,892 [INFO] Processed 340000 rows...
2026-05-03 03:21:16,170 [INFO] Processed 350000 rows...
2026-05-03 03:21:16,419 [INFO] Processed 360000 rows...
2026-05-03 03:21:16,669 [INFO] Processed 370000 rows...
2026-05-03 03:21:16,916 [INFO] Processed 380000 rows...
2026-05-03 03:21:17,164 [INFO] Processed 390000 rows...
2026-05-03 03:21:17,452 [INFO] Processed 400000 rows...
2026-05-03 03:21:17,696 [INFO] Processed 410000 rows...
2026-05-03 03:21:17,945 [INFO] Processed 420000 rows...
2026-05-03 03:21:18,196 [INFO] Processed 430000 rows...
2026-05-03 03:21:18,442 [INFO] Processed 440000 rows...
2026-05-03 03:21:18,688 [INFO] Processed 450000 rows...
2026-05-03 03:21:18,933 [INFO] Processed 460000 rows...
2026-05-03 03:21:19,187 [INFO] Processed 470000 rows...
2026-05-03 03:21:19,432 [INFO] Processed 480000 rows...
2026-05-03 03:21:19,677 [INFO] Processed 490000 rows...
2026-05-03 03:21:19,923 [INFO] Processed 500000 rows...
2026-05-03 03:21:20,172 [INFO] Processed 510000 rows...
2026-05-03 03:21:20,417 [INFO] Processed 520000 rows...
2026-05-03 03:21:20,663 [INFO] Processed 530000 rows...
2026-05-03 03:21:20,910 [INFO] Processed 540000 rows...
2026-05-03 03:21:21,139 [INFO] Processing file 3: /home/parth/bigdata_project/raw/data_Q1_2024/2024-01-03.csv
2026-05-03 03:21:21,163 [INFO] Processed 550000 rows...
2026-05-03 03:21:21,411 [INFO] Processed 560000 rows...
2026-05-03 03:21:21,679 [INFO] Processed 570000 rows...
2026-05-03 03:21:21,926 [INFO] Processed 580000 rows...
2026-05-03 03:21:22,172 [INFO] Processed 590000 rows...
2026-05-03 03:21:22,450 [INFO] Processed 600000 rows...
2026-05-03 03:21:22,698 [INFO] Processed 610000 rows...
2026-05-03 03:21:22,944 [INFO] Processed 620000 rows...
2026-05-03 03:21:23,188 [INFO] Processed 630000 rows...
2026-05-03 03:21:23,436 [INFO] Processed 640000 rows...
2026-05-03 03:21:23,684 [INFO] Processed 650000 rows...
2026-05-03 03:21:23,929 [INFO] Processed 660000 rows...
2026-05-03 03:21:24,175 [INFO] Processed 670000 rows...
2026-05-03 03:21:24,417 [INFO] Processed 680000 rows...
2026-05-03 03:21:24,665 [INFO] Processed 690000 rows...
2026-05-03 03:21:24,919 [INFO] Processed 700000 rows...
2026-05-03 03:21:25,171 [INFO] Processed 710000 rows...
2026-05-03 03:21:25,417 [INFO] Processed 720000 rows...
2026-05-03 03:21:25,662 [INFO] Processed 730000 rows...
2026-05-03 03:21:25,905 [INFO] Processed 740000 rows...
2026-05-03 03:21:26,152 [INFO] Processed 750000 rows...
2026-05-03 03:21:26,396 [INFO] Processed 760000 rows...
2026-05-03 03:21:26,638 [INFO] Processed 770000 rows...
2026-05-03 03:21:26,883 [INFO] Processed 780000 rows...
2026-05-03 03:21:27,129 [INFO] Processed 790000 rows...
2026-05-03 03:21:27,414 [INFO] Processed 800000 rows...
2026-05-03 03:21:27,658 [INFO] Processed 810000 rows...
2026-05-03 03:21:27,901 [INFO] Processed 820000 rows...
2026-05-03 03:21:27,997 [INFO] Processing file 4: /home/parth/bigdata_project/raw/data_Q1_2024/2024-01-04.csv
2026-05-03 03:21:28,161 [INFO] Processed 830000 rows...
2026-05-03 03:21:28,408 [INFO] Processed 840000 rows...
2026-05-03 03:21:28,658 [INFO] Processed 850000 rows...
2026-05-03 03:21:28,911 [INFO] Processed 860000 rows...
2026-05-03 03:21:29,176 [INFO] Processed 870000 rows...
2026-05-03 03:21:29,424 [INFO] Processed 880000 rows...
2026-05-03 03:21:29,672 [INFO] Processed 890000 rows...
2026-05-03 03:21:29,921 [INFO] Processed 900000 rows...
2026-05-03 03:21:30,174 [INFO] Processed 910000 rows...
2026-05-03 03:21:30,429 [INFO] Processed 920000 rows...
2026-05-03 03:21:30,679 [INFO] Processed 930000 rows...
2026-05-03 03:21:30,925 [INFO] Processed 940000 rows...
2026-05-03 03:21:31,169 [INFO] Processed 950000 rows...
2026-05-03 03:21:31,416 [INFO] Processed 960000 rows...
2026-05-03 03:21:31,670 [INFO] Processed 970000 rows...
2026-05-03 03:21:31,917 [INFO] Processed 980000 rows...
2026-05-03 03:21:32,163 [INFO] Processed 990000 rows...
2026-05-03 03:21:32,456 [INFO] Processed 1000000 rows...
2026-05-03 03:21:32,701 [INFO] Processed 1010000 rows...
2026-05-03 03:21:32,948 [INFO] Processed 1020000 rows...
2026-05-03 03:21:33,193 [INFO] Processed 1030000 rows...
2026-05-03 03:21:33,436 [INFO] Processed 1040000 rows...
2026-05-03 03:21:33,682 [INFO] Processed 1050000 rows...
2026-05-03 03:21:33,928 [INFO] Processed 1060000 rows...
2026-05-03 03:21:34,173 [INFO] Processed 1070000 rows...
2026-05-03 03:21:34,418 [INFO] Processed 1080000 rows...
2026-05-03 03:21:34,665 [INFO] Processed 1090000 rows...
2026-05-03 03:21:34,880 [INFO] Processing file 5: /home/parth/bigdata_project/raw/data_Q1_2024/2024-01-05.csv
2026-05-03 03:21:34,921 [INFO] Processed 1100000 rows...
2026-05-03 03:21:35,174 [INFO] Processed 1110000 rows...
2026-05-03 03:21:35,419 [INFO] Processed 1120000 rows...
2026-05-03 03:21:35,671 [INFO] Processed 1130000 rows...
2026-05-03 03:21:35,921 [INFO] Processed 1140000 rows...
2026-05-03 03:21:36,169 [INFO] Processed 1150000 rows...
2026-05-03 03:21:36,416 [INFO] Processed 1160000 rows...
2026-05-03 03:21:36,665 [INFO] Processed 1170000 rows...
2026-05-03 03:21:36,912 [INFO] Processed 1180000 rows...
2026-05-03 03:21:37,166 [INFO] Processed 1190000 rows...
2026-05-03 03:21:37,450 [INFO] Processed 1200000 rows...
2026-05-03 03:21:37,698 [INFO] Processed 1210000 rows...
2026-05-03 03:21:37,945 [INFO] Processed 1220000 rows...
2026-05-03 03:21:38,189 [INFO] Processed 1230000 rows...
2026-05-03 03:21:38,437 [INFO] Processed 1240000 rows...
2026-05-03 03:21:38,685 [INFO] Processed 1250000 rows...
2026-05-03 03:21:38,934 [INFO] Processed 1260000 rows...
2026-05-03 03:21:39,183 [INFO] Processed 1270000 rows...
2026-05-03 03:21:39,429 [INFO] Processed 1280000 rows...
2026-05-03 03:21:39,679 [INFO] Processed 1290000 rows...
2026-05-03 03:21:40,548 [INFO] Processed 1300000 rows...
2026-05-03 03:21:40,820 [INFO] Processed 1310000 rows...
2026-05-03 03:21:41,066 [INFO] Processed 1320000 rows...
2026-05-03 03:21:41,317 [INFO] Processed 1330000 rows...
2026-05-03 03:21:41,563 [INFO] Processed 1340000 rows...
2026-05-03 03:21:41,810 [INFO] Processed 1350000 rows...
2026-05-03 03:21:42,083 [INFO] Processed 1360000 rows...
2026-05-03 03:21:43,239 [INFO] Processed 1370000 rows...
2026-05-03 03:21:43,336 [INFO] Processing file 6: /home/parth/bigdata_project/raw/data_Q1_2024/2024-01-06.csv
2026-05-03 03:21:43,521 [INFO] Processed 1380000 rows...
2026-05-03 03:21:43,769 [INFO] Processed 1390000 rows...
2026-05-03 03:21:44,032 [INFO] Processed 1400000 rows...
2026-05-03 03:21:44,284 [INFO] Processed 1410000 rows...
2026-05-03 03:21:44,530 [INFO] Processed 1420000 rows...
2026-05-03 03:21:44,782 [INFO] Processed 1430000 rows...
2026-05-03 03:21:45,061 [INFO] Processed 1440000 rows...
2026-05-03 03:21:45,309 [INFO] Processed 1450000 rows...
2026-05-03 03:21:45,556 [INFO] Processed 1460000 rows...
2026-05-03 03:21:45,805 [INFO] Processed 1470000 rows...
2026-05-03 03:21:46,190 [INFO] Processed 1480000 rows...
2026-05-03 03:21:46,437 [INFO] Processed 1490000 rows...
2026-05-03 03:21:46,680 [INFO] Processed 1500000 rows...
2026-05-03 03:21:46,924 [INFO] Processed 1510000 rows...
2026-05-03 03:21:47,172 [INFO] Processed 1520000 rows...
2026-05-03 03:21:47,512 [INFO] Processed 1530000 rows...
2026-05-03 03:21:47,757 [INFO] Processed 1540000 rows...
2026-05-03 03:21:48,002 [INFO] Processed 1550000 rows...
2026-05-03 03:21:48,247 [INFO] Processed 1560000 rows...
2026-05-03 03:21:48,493 [INFO] Processed 1570000 rows...
2026-05-03 03:21:48,738 [INFO] Processed 1580000 rows...
2026-05-03 03:21:48,982 [INFO] Processed 1590000 rows...
2026-05-03 03:21:49,226 [INFO] Processed 1600000 rows...
2026-05-03 03:21:49,474 [INFO] Processed 1610000 rows...
2026-05-03 03:21:49,748 [INFO] Processed 1620000 rows...
2026-05-03 03:21:49,997 [INFO] Processed 1630000 rows...
2026-05-03 03:21:50,242 [INFO] Processed 1640000 rows...
2026-05-03 03:21:50,435 [INFO] Processing file 7: /home/parth/bigdata_project/raw/data_Q1_2024/2024-01-07.csv
2026-05-03 03:21:50,495 [INFO] Processed 1650000 rows...
2026-05-03 03:21:50,744 [INFO] Processed 1660000 rows...
2026-05-03 03:21:50,987 [INFO] Processed 1670000 rows...
2026-05-03 03:21:51,238 [INFO] Processed 1680000 rows...
2026-05-03 03:21:51,484 [INFO] Processed 1690000 rows...
2026-05-03 03:21:51,743 [INFO] Processed 1700000 rows...
2026-05-03 03:21:51,996 [INFO] Processed 1710000 rows...
2026-05-03 03:21:52,263 [INFO] Processed 1720000 rows...
2026-05-03 03:21:52,527 [INFO] Processed 1730000 rows...
2026-05-03 03:21:52,776 [INFO] Processed 1740000 rows...
2026-05-03 03:21:53,023 [INFO] Processed 1750000 rows...
2026-05-03 03:21:53,288 [INFO] Processed 1760000 rows...
2026-05-03 03:21:53,532 [INFO] Processed 1770000 rows...
2026-05-03 03:21:53,772 [INFO] Processed 1780000 rows...
2026-05-03 03:21:54,020 [INFO] Processed 1790000 rows...
2026-05-03 03:21:54,274 [INFO] Processed 1800000 rows...
2026-05-03 03:21:54,524 [INFO] Processed 1810000 rows...
2026-05-03 03:21:54,777 [INFO] Processed 1820000 rows...
2026-05-03 03:21:55,025 [INFO] Processed 1830000 rows...
2026-05-03 03:21:55,269 [INFO] Processed 1840000 rows...
2026-05-03 03:21:55,513 [INFO] Processed 1850000 rows...
2026-05-03 03:21:55,755 [INFO] Processed 1860000 rows...
2026-05-03 03:21:55,997 [INFO] Processed 1870000 rows...
2026-05-03 03:21:56,258 [INFO] Processed 1880000 rows...
2026-05-03 03:21:56,507 [INFO] Processed 1890000 rows...
2026-05-03 03:21:56,751 [INFO] Processed 1900000 rows...
2026-05-03 03:21:56,996 [INFO] Processed 1910000 rows...
2026-05-03 03:21:57,272 [INFO] Processed 1920000 rows...
2026-05-03 03:21:57,353 [INFO] Processing file 8: /home/parth/bigdata_project/raw/data_Q1_2024/2024-01-08.csv
2026-05-03 03:21:57,543 [INFO] Processed 1930000 rows...
2026-05-03 03:21:57,791 [INFO] Processed 1940000 rows...
2026-05-03 03:21:58,038 [INFO] Processed 1950000 rows...
2026-05-03 03:21:58,303 [INFO] Processed 1960000 rows...
2026-05-03 03:21:58,549 [INFO] Processed 1970000 rows...
2026-05-03 03:21:58,795 [INFO] Processed 1980000 rows...
2026-05-03 03:21:59,044 [INFO] Processed 1990000 rows...
2026-05-03 03:21:59,292 [INFO] Processed 2000000 rows...
2026-05-03 03:21:59,539 [INFO] Processed 2010000 rows...
2026-05-03 03:21:59,800 [INFO] Processed 2020000 rows...
2026-05-03 03:22:00,046 [INFO] Processed 2030000 rows...
2026-05-03 03:22:00,292 [INFO] Processed 2040000 rows...
2026-05-03 03:22:00,535 [INFO] Processed 2050000 rows...
2026-05-03 03:22:00,779 [INFO] Processed 2060000 rows...
2026-05-03 03:22:01,026 [INFO] Processed 2070000 rows...
2026-05-03 03:22:01,274 [INFO] Processed 2080000 rows...
2026-05-03 03:22:01,519 [INFO] Processed 2090000 rows...
2026-05-03 03:22:01,765 [INFO] Processed 2100000 rows...
2026-05-03 03:22:02,010 [INFO] Processed 2110000 rows...
2026-05-03 03:22:02,276 [INFO] Processed 2120000 rows...
2026-05-03 03:22:02,535 [INFO] Processed 2130000 rows...
2026-05-03 03:22:02,778 [INFO] Processed 2140000 rows...
2026-05-03 03:22:03,023 [INFO] Processed 2150000 rows...
2026-05-03 03:22:03,269 [INFO] Processed 2160000 rows...
2026-05-03 03:22:03,512 [INFO] Processed 2170000 rows...
2026-05-03 03:22:03,757 [INFO] Processed 2180000 rows...
2026-05-03 03:22:04,001 [INFO] Processed 2190000 rows...
2026-05-03 03:22:04,178 [INFO] Processing file 9: /home/parth/bigdata_project/raw/data_Q1_2024/2024-01-09.csv
2026-05-03 03:22:04,261 [INFO] Processed 2200000 rows...
2026-05-03 03:22:04,513 [INFO] Processed 2210000 rows...
2026-05-03 03:22:04,764 [INFO] Processed 2220000 rows...
2026-05-03 03:22:05,028 [INFO] Processed 2230000 rows...
2026-05-03 03:22:05,275 [INFO] Processed 2240000 rows...
2026-05-03 03:22:05,522 [INFO] Processed 2250000 rows...
2026-05-03 03:22:05,771 [INFO] Processed 2260000 rows...
2026-05-03 03:22:06,019 [INFO] Processed 2270000 rows...
2026-05-03 03:22:06,266 [INFO] Processed 2280000 rows...
2026-05-03 03:22:06,523 [INFO] Processed 2290000 rows...
2026-05-03 03:22:06,772 [INFO] Processed 2300000 rows...
2026-05-03 03:22:07,021 [INFO] Processed 2310000 rows...
2026-05-03 03:22:07,298 [INFO] Processed 2320000 rows...
2026-05-03 03:22:07,561 [INFO] Processed 2330000 rows...
2026-05-03 03:22:07,813 [INFO] Processed 2340000 rows...
2026-05-03 03:22:08,083 [INFO] Processed 2350000 rows...
2026-05-03 03:22:08,331 [INFO] Processed 2360000 rows...
2026-05-03 03:22:08,579 [INFO] Processed 2370000 rows...
2026-05-03 03:22:08,824 [INFO] Processed 2380000 rows...
2026-05-03 03:22:09,069 [INFO] Processed 2390000 rows...
2026-05-03 03:22:09,316 [INFO] Processed 2400000 rows...
2026-05-03 03:22:09,561 [INFO] Processed 2410000 rows...
2026-05-03 03:22:09,813 [INFO] Processed 2420000 rows...
2026-05-03 03:22:10,060 [INFO] Processed 2430000 rows...
2026-05-03 03:22:10,306 [INFO] Processed 2440000 rows...
2026-05-03 03:22:10,551 [INFO] Processed 2450000 rows...
2026-05-03 03:22:10,804 [INFO] Processed 2460000 rows...
2026-05-03 03:22:11,051 [INFO] Processed 2470000 rows...
2026-05-03 03:22:11,102 [INFO] Processing file 10: /home/parth/bigdata_project/raw/data_Q1_2024/2024-01-10.csv
2026-05-03 03:22:11,310 [INFO] Processed 2480000 rows...
2026-05-03 03:22:11,556 [INFO] Processed 2490000 rows...
2026-05-03 03:22:11,809 [INFO] Processed 2500000 rows...
2026-05-03 03:22:12,059 [INFO] Processed 2510000 rows...
2026-05-03 03:22:12,325 [INFO] Processed 2520000 rows...
2026-05-03 03:22:12,585 [INFO] Processed 2530000 rows...
2026-05-03 03:22:12,833 [INFO] Processed 2540000 rows...
2026-05-03 03:22:13,079 [INFO] Processed 2550000 rows...
2026-05-03 03:22:13,327 [INFO] Processed 2560000 rows...
2026-05-03 03:22:13,576 [INFO] Processed 2570000 rows...
2026-05-03 03:22:13,822 [INFO] Processed 2580000 rows...
2026-05-03 03:22:14,087 [INFO] Processed 2590000 rows...
2026-05-03 03:22:14,333 [INFO] Processed 2600000 rows...
2026-05-03 03:22:14,580 [INFO] Processed 2610000 rows...
2026-05-03 03:22:14,835 [INFO] Processed 2620000 rows...
2026-05-03 03:22:15,083 [INFO] Processed 2630000 rows...
2026-05-03 03:22:15,328 [INFO] Processed 2640000 rows...
2026-05-03 03:22:15,582 [INFO] Processed 2650000 rows...
2026-05-03 03:22:15,828 [INFO] Processed 2660000 rows...
2026-05-03 03:22:16,076 [INFO] Processed 2670000 rows...
2026-05-03 03:22:16,321 [INFO] Processed 2680000 rows...
2026-05-03 03:22:16,577 [INFO] Processed 2690000 rows...
2026-05-03 03:22:18,340 [INFO] Processed 2700000 rows...
2026-05-03 03:22:18,648 [INFO] Processed 2710000 rows...
2026-05-03 03:22:18,892 [INFO] Processed 2720000 rows...
2026-05-03 03:22:19,138 [INFO] Processed 2730000 rows...
2026-05-03 03:22:19,382 [INFO] Processed 2740000 rows...
2026-05-03 03:22:19,544 [INFO] Processing file 11: /home/parth/bigdata_project/raw/data_Q1_2024/2024-01-11.csv
2026-05-03 03:22:19,638 [INFO] Processed 2750000 rows...
2026-05-03 03:22:19,894 [INFO] Processed 2760000 rows...
2026-05-03 03:22:20,141 [INFO] Processed 2770000 rows...
2026-05-03 03:22:20,394 [INFO] Processed 2780000 rows...
2026-05-03 03:22:20,638 [INFO] Processed 2790000 rows...
2026-05-03 03:22:20,884 [INFO] Processed 2800000 rows...
2026-05-03 03:22:21,131 [INFO] Processed 2810000 rows...
2026-05-03 03:22:21,376 [INFO] Processed 2820000 rows...
2026-05-03 03:22:21,621 [INFO] Processed 2830000 rows...
2026-05-03 03:22:21,884 [INFO] Processed 2840000 rows...
2026-05-03 03:22:22,130 [INFO] Processed 2850000 rows...
2026-05-03 03:22:22,409 [INFO] Processed 2860000 rows...
2026-05-03 03:22:22,677 [INFO] Processed 2870000 rows...
2026-05-03 03:22:22,921 [INFO] Processed 2880000 rows...
2026-05-03 03:22:23,169 [INFO] Processed 2890000 rows...
2026-05-03 03:22:23,417 [INFO] Processed 2900000 rows...
2026-05-03 03:22:23,663 [INFO] Processed 2910000 rows...
2026-05-03 03:22:23,913 [INFO] Processed 2920000 rows...
2026-05-03 03:22:24,158 [INFO] Processed 2930000 rows...
2026-05-03 03:22:24,403 [INFO] Processed 2940000 rows...
2026-05-03 03:22:24,649 [INFO] Processed 2950000 rows...
2026-05-03 03:22:24,902 [INFO] Processed 2960000 rows...
2026-05-03 03:22:25,145 [INFO] Processed 2970000 rows...
2026-05-03 03:22:25,391 [INFO] Processed 2980000 rows...
2026-05-03 03:22:25,636 [INFO] Processed 2990000 rows...
2026-05-03 03:22:25,880 [INFO] Processed 3000000 rows...
2026-05-03 03:22:26,133 [INFO] Processed 3010000 rows...
2026-05-03 03:22:26,404 [INFO] Processed 3020000 rows...
2026-05-03 03:22:26,436 [INFO] Processing file 12: /home/parth/bigdata_project/raw/data_Q1_2024/2024-01-12.csv
2026-05-03 03:22:26,654 [INFO] Processed 3030000 rows...
2026-05-03 03:22:26,898 [INFO] Processed 3040000 rows...
2026-05-03 03:22:27,149 [INFO] Processed 3050000 rows...
2026-05-03 03:22:27,436 [INFO] Processed 3060000 rows...
2026-05-03 03:22:27,692 [INFO] Processed 3070000 rows...
2026-05-03 03:22:27,942 [INFO] Processed 3080000 rows...
2026-05-03 03:22:28,190 [INFO] Processed 3090000 rows...
2026-05-03 03:22:28,437 [INFO] Processed 3100000 rows...
2026-05-03 03:22:28,687 [INFO] Processed 3110000 rows...
2026-05-03 03:22:28,945 [INFO] Processed 3120000 rows...
2026-05-03 03:22:29,210 [INFO] Processed 3130000 rows...
2026-05-03 03:22:29,459 [INFO] Processed 3140000 rows...
2026-05-03 03:22:29,706 [INFO] Processed 3150000 rows...
2026-05-03 03:22:29,959 [INFO] Processed 3160000 rows...
2026-05-03 03:22:30,208 [INFO] Processed 3170000 rows...
2026-05-03 03:22:30,455 [INFO] Processed 3180000 rows...
2026-05-03 03:22:30,702 [INFO] Processed 3190000 rows...
2026-05-03 03:22:30,949 [INFO] Processed 3200000 rows...
2026-05-03 03:22:31,195 [INFO] Processed 3210000 rows...
2026-05-03 03:22:31,442 [INFO] Processed 3220000 rows...
2026-05-03 03:22:31,687 [INFO] Processed 3230000 rows...
2026-05-03 03:22:31,930 [INFO] Processed 3240000 rows...
2026-05-03 03:22:32,176 [INFO] Processed 3250000 rows...
2026-05-03 03:22:32,477 [INFO] Processed 3260000 rows...
2026-05-03 03:22:32,722 [INFO] Processed 3270000 rows...
2026-05-03 03:22:32,969 [INFO] Processed 3280000 rows...
2026-05-03 03:22:33,214 [INFO] Processed 3290000 rows...
2026-05-03 03:22:33,294 [INFO] Processing file 13: /home/parth/bigdata_project/raw/data_Q1_2024/2024-01-13.csv
2026-05-03 03:22:33,473 [INFO] Processed 3300000 rows...
2026-05-03 03:22:33,720 [INFO] Processed 3310000 rows...
2026-05-03 03:22:33,970 [INFO] Processed 3320000 rows...
2026-05-03 03:22:34,221 [INFO] Processed 3330000 rows...
2026-05-03 03:22:34,467 [INFO] Processed 3340000 rows...
2026-05-03 03:22:34,727 [INFO] Processed 3350000 rows...
2026-05-03 03:22:34,979 [INFO] Processed 3360000 rows...
2026-05-03 03:22:35,226 [INFO] Processed 3370000 rows...
2026-05-03 03:22:35,494 [INFO] Processed 3380000 rows...
2026-05-03 03:22:35,743 [INFO] Processed 3390000 rows...
2026-05-03 03:22:35,991 [INFO] Processed 3400000 rows...
2026-05-03 03:22:36,238 [INFO] Processed 3410000 rows...
2026-05-03 03:22:36,481 [INFO] Processed 3420000 rows...
2026-05-03 03:22:36,739 [INFO] Processed 3430000 rows...
2026-05-03 03:22:36,990 [INFO] Processed 3440000 rows...
2026-05-03 03:22:37,251 [INFO] Processed 3450000 rows...
2026-05-03 03:22:37,536 [INFO] Processed 3460000 rows...
2026-05-03 03:22:37,783 [INFO] Processed 3470000 rows...
2026-05-03 03:22:38,028 [INFO] Processed 3480000 rows...
2026-05-03 03:22:38,276 [INFO] Processed 3490000 rows...
2026-05-03 03:22:38,522 [INFO] Processed 3500000 rows...
2026-05-03 03:22:38,767 [INFO] Processed 3510000 rows...
2026-05-03 03:22:39,013 [INFO] Processed 3520000 rows...
2026-05-03 03:22:39,260 [INFO] Processed 3530000 rows...
2026-05-03 03:22:39,504 [INFO] Processed 3540000 rows...
2026-05-03 03:22:39,751 [INFO] Processed 3550000 rows...
2026-05-03 03:22:40,005 [INFO] Processed 3560000 rows...
2026-05-03 03:22:40,134 [INFO] Processing file 14: /home/parth/bigdata_project/raw/data_Q1_2024/2024-01-14.csv
2026-05-03 03:22:40,258 [INFO] Processed 3570000 rows...
2026-05-03 03:22:40,504 [INFO] Processed 3580000 rows...
2026-05-03 03:22:40,752 [INFO] Processed 3590000 rows...
2026-05-03 03:22:41,003 [INFO] Processed 3600000 rows...
2026-05-03 03:22:41,251 [INFO] Processed 3610000 rows...
2026-05-03 03:22:41,515 [INFO] Processed 3620000 rows...
2026-05-03 03:22:41,765 [INFO] Processed 3630000 rows...
2026-05-03 03:22:42,010 [INFO] Processed 3640000 rows...
2026-05-03 03:22:42,282 [INFO] Processed 3650000 rows...
2026-05-03 03:22:42,548 [INFO] Processed 3660000 rows...
2026-05-03 03:22:42,795 [INFO] Processed 3670000 rows...
2026-05-03 03:22:43,048 [INFO] Processed 3680000 rows...
2026-05-03 03:22:43,293 [INFO] Processed 3690000 rows...
2026-05-03 03:22:43,538 [INFO] Processed 3700000 rows...
2026-05-03 03:22:43,787 [INFO] Processed 3710000 rows...
2026-05-03 03:22:44,049 [INFO] Processed 3720000 rows...
2026-05-03 03:22:44,313 [INFO] Processed 3730000 rows...
2026-05-03 03:22:44,560 [INFO] Processed 3740000 rows...
2026-05-03 03:22:44,811 [INFO] Processed 3750000 rows...
2026-05-03 03:22:45,058 [INFO] Processed 3760000 rows...
2026-05-03 03:22:45,304 [INFO] Processed 3770000 rows...
2026-05-03 03:22:45,548 [INFO] Processed 3780000 rows...
2026-05-03 03:22:45,794 [INFO] Processed 3790000 rows...
2026-05-03 03:22:46,042 [INFO] Processed 3800000 rows...
2026-05-03 03:22:46,286 [INFO] Processed 3810000 rows...
2026-05-03 03:22:46,532 [INFO] Processed 3820000 rows...
2026-05-03 03:22:46,777 [INFO] Processed 3830000 rows...
2026-05-03 03:22:46,953 [INFO] Processing file 15: /home/parth/bigdata_project/raw/data_Q1_2024/2024-01-15.csv
2026-05-03 03:22:47,033 [INFO] Processed 3840000 rows...
2026-05-03 03:22:47,309 [INFO] Processed 3850000 rows...
2026-05-03 03:22:47,571 [INFO] Processed 3860000 rows...
2026-05-03 03:22:47,824 [INFO] Processed 3870000 rows...
2026-05-03 03:22:48,070 [INFO] Processed 3880000 rows...
2026-05-03 03:22:48,315 [INFO] Processed 3890000 rows...
2026-05-03 03:22:48,566 [INFO] Processed 3900000 rows...
2026-05-03 03:22:48,823 [INFO] Processed 3910000 rows...
2026-05-03 03:22:50,143 [INFO] Processed 3920000 rows...
2026-05-03 03:22:50,582 [INFO] Processed 3930000 rows...
2026-05-03 03:22:50,830 [INFO] Processed 3940000 rows...
2026-05-03 03:22:51,077 [INFO] Processed 3950000 rows...
2026-05-03 03:22:51,321 [INFO] Processed 3960000 rows...
2026-05-03 03:22:51,564 [INFO] Processed 3970000 rows...
2026-05-03 03:22:51,815 [INFO] Processed 3980000 rows...
2026-05-03 03:22:52,061 [INFO] Processed 3990000 rows...
2026-05-03 03:22:52,339 [INFO] Processed 4000000 rows...
2026-05-03 03:22:52,607 [INFO] Processed 4010000 rows...
2026-05-03 03:22:52,853 [INFO] Processed 4020000 rows...
2026-05-03 03:22:53,098 [INFO] Processed 4030000 rows...
2026-05-03 03:22:53,343 [INFO] Processed 4040000 rows...
2026-05-03 03:22:53,588 [INFO] Processed 4050000 rows...
2026-05-03 03:22:53,833 [INFO] Processed 4060000 rows...
2026-05-03 03:22:54,080 [INFO] Processed 4070000 rows...
2026-05-03 03:22:54,324 [INFO] Processed 4080000 rows...
2026-05-03 03:22:54,570 [INFO] Processed 4090000 rows...
2026-05-03 03:22:54,853 [INFO] Processed 4100000 rows...
2026-05-03 03:22:55,078 [INFO] Processing file 16: /home/parth/bigdata_project/raw/data_Q1_2024/2024-01-16.csv
2026-05-03 03:22:55,100 [INFO] Processed 4110000 rows...
2026-05-03 03:22:55,352 [INFO] Processed 4120000 rows...
2026-05-03 03:22:55,598 [INFO] Processed 4130000 rows...
2026-05-03 03:22:55,861 [INFO] Processed 4140000 rows...
2026-05-03 03:22:56,116 [INFO] Processed 4150000 rows...
2026-05-03 03:22:56,365 [INFO] Processed 4160000 rows...
2026-05-03 03:22:56,614 [INFO] Processed 4170000 rows...
2026-05-03 03:22:56,862 [INFO] Processed 4180000 rows...
2026-05-03 03:22:57,111 [INFO] Processed 4190000 rows...
2026-05-03 03:22:57,391 [INFO] Processed 4200000 rows...
2026-05-03 03:22:57,655 [INFO] Processed 4210000 rows...
2026-05-03 03:22:57,904 [INFO] Processed 4220000 rows...
2026-05-03 03:22:58,150 [INFO] Processed 4230000 rows...
2026-05-03 03:22:58,394 [INFO] Processed 4240000 rows...
2026-05-03 03:22:58,644 [INFO] Processed 4250000 rows...
2026-05-03 03:22:58,892 [INFO] Processed 4260000 rows...
2026-05-03 03:22:59,297 [INFO] Processed 4270000 rows...
2026-05-03 03:22:59,551 [INFO] Processed 4280000 rows...
2026-05-03 03:22:59,828 [INFO] Processed 4290000 rows...
2026-05-03 03:23:00,075 [INFO] Processed 4300000 rows...
2026-05-03 03:23:00,321 [INFO] Processed 4310000 rows...
2026-05-03 03:23:00,566 [INFO] Processed 4320000 rows...
2026-05-03 03:23:00,811 [INFO] Processed 4330000 rows...
2026-05-03 03:23:01,058 [INFO] Processed 4340000 rows...
2026-05-03 03:23:01,305 [INFO] Processed 4350000 rows...
2026-05-03 03:23:01,550 [INFO] Processed 4360000 rows...
2026-05-03 03:23:01,797 [INFO] Processed 4370000 rows...
2026-05-03 03:23:02,043 [INFO] Processed 4380000 rows...
2026-05-03 03:23:02,072 [INFO] Processing file 17: /home/parth/bigdata_project/raw/data_Q1_2024/2024-01-17.csv
2026-05-03 03:23:02,320 [INFO] Processed 4390000 rows...
2026-05-03 03:23:02,591 [INFO] Processed 4400000 rows...
2026-05-03 03:23:02,848 [INFO] Processed 4410000 rows...
2026-05-03 03:23:03,098 [INFO] Processed 4420000 rows...
2026-05-03 03:23:03,345 [INFO] Processed 4430000 rows...
2026-05-03 03:23:03,593 [INFO] Processed 4440000 rows...
2026-05-03 03:23:03,842 [INFO] Processed 4450000 rows...
2026-05-03 03:23:04,089 [INFO] Processed 4460000 rows...
2026-05-03 03:23:04,339 [INFO] Processed 4470000 rows...
2026-05-03 03:23:04,588 [INFO] Processed 4480000 rows...
2026-05-03 03:23:04,844 [INFO] Processed 4490000 rows...
2026-05-03 03:23:05,090 [INFO] Processed 4500000 rows...
2026-05-03 03:23:05,337 [INFO] Processed 4510000 rows...
2026-05-03 03:23:05,585 [INFO] Processed 4520000 rows...
2026-05-03 03:23:05,835 [INFO] Processed 4530000 rows...
2026-05-03 03:23:06,082 [INFO] Processed 4540000 rows...
2026-05-03 03:23:06,329 [INFO] Processed 4550000 rows...
2026-05-03 03:23:06,575 [INFO] Processed 4560000 rows...
2026-05-03 03:23:06,855 [INFO] Processed 4570000 rows...
2026-05-03 03:23:07,101 [INFO] Processed 4580000 rows...
2026-05-03 03:23:07,376 [INFO] Processed 4590000 rows...
2026-05-03 03:23:07,622 [INFO] Processed 4600000 rows...
2026-05-03 03:23:07,871 [INFO] Processed 4610000 rows...
2026-05-03 03:23:08,117 [INFO] Processed 4620000 rows...
2026-05-03 03:23:08,363 [INFO] Processed 4630000 rows...
2026-05-03 03:23:08,610 [INFO] Processed 4640000 rows...
2026-05-03 03:23:08,856 [INFO] Processed 4650000 rows...
2026-05-03 03:23:08,934 [INFO] Processing file 18: /home/parth/bigdata_project/raw/data_Q1_2024/2024-01-18.csv
2026-05-03 03:23:09,115 [INFO] Processed 4660000 rows...
2026-05-03 03:23:09,364 [INFO] Processed 4670000 rows...
2026-05-03 03:23:09,614 [INFO] Processed 4680000 rows...
2026-05-03 03:23:09,868 [INFO] Processed 4690000 rows...
2026-05-03 03:23:10,116 [INFO] Processed 4700000 rows...
2026-05-03 03:23:10,362 [INFO] Processed 4710000 rows...
2026-05-03 03:23:10,612 [INFO] Processed 4720000 rows...
2026-05-03 03:23:10,859 [INFO] Processed 4730000 rows...
2026-05-03 03:23:11,110 [INFO] Processed 4740000 rows...
2026-05-03 03:23:11,360 [INFO] Processed 4750000 rows...
2026-05-03 03:23:11,607 [INFO] Processed 4760000 rows...
2026-05-03 03:23:11,856 [INFO] Processed 4770000 rows...
2026-05-03 03:23:12,107 [INFO] Processed 4780000 rows...
2026-05-03 03:23:12,388 [INFO] Processed 4790000 rows...
2026-05-03 03:23:12,658 [INFO] Processed 4800000 rows...
2026-05-03 03:23:12,906 [INFO] Processed 4810000 rows...
2026-05-03 03:23:13,152 [INFO] Processed 4820000 rows...
2026-05-03 03:23:13,398 [INFO] Processed 4830000 rows...
2026-05-03 03:23:13,644 [INFO] Processed 4840000 rows...
2026-05-03 03:23:13,891 [INFO] Processed 4850000 rows...
2026-05-03 03:23:14,334 [INFO] Processed 4860000 rows...
2026-05-03 03:23:14,579 [INFO] Processed 4870000 rows...
2026-05-03 03:23:14,830 [INFO] Processed 4880000 rows...
2026-05-03 03:23:15,078 [INFO] Processed 4890000 rows...
2026-05-03 03:23:15,323 [INFO] Processed 4900000 rows...
2026-05-03 03:23:15,570 [INFO] Processed 4910000 rows...
2026-05-03 03:23:15,815 [INFO] Processed 4920000 rows...
2026-05-03 03:23:15,940 [INFO] Processing file 19: /home/parth/bigdata_project/raw/data_Q1_2024/2024-01-19.csv
2026-05-03 03:23:16,069 [INFO] Processed 4930000 rows...
2026-05-03 03:23:16,315 [INFO] Processed 4940000 rows...
2026-05-03 03:23:16,563 [INFO] Processed 4950000 rows...
2026-05-03 03:23:16,813 [INFO] Processed 4960000 rows...
2026-05-03 03:23:17,057 [INFO] Processed 4970000 rows...
2026-05-03 03:23:17,327 [INFO] Processed 4980000 rows...
2026-05-03 03:23:17,593 [INFO] Processed 4990000 rows...
2026-05-03 03:23:17,839 [INFO] Processed 5000000 rows...
2026-05-03 03:23:18,087 [INFO] Processed 5010000 rows...
2026-05-03 03:23:18,334 [INFO] Processed 5020000 rows...
2026-05-03 03:23:18,581 [INFO] Processed 5030000 rows...
2026-05-03 03:23:18,828 [INFO] Processed 5040000 rows...
2026-05-03 03:23:19,071 [INFO] Processed 5050000 rows...
2026-05-03 03:23:19,322 [INFO] Processed 5060000 rows...
2026-05-03 03:23:19,571 [INFO] Processed 5070000 rows...
2026-05-03 03:23:19,836 [INFO] Processed 5080000 rows...
2026-05-03 03:23:20,080 [INFO] Processed 5090000 rows...
2026-05-03 03:23:20,326 [INFO] Processed 5100000 rows...
2026-05-03 03:23:20,570 [INFO] Processed 5110000 rows...
2026-05-03 03:23:20,815 [INFO] Processed 5120000 rows...
2026-05-03 03:23:21,063 [INFO] Processed 5130000 rows...
2026-05-03 03:23:22,075 [INFO] Processed 5140000 rows...
2026-05-03 03:23:22,842 [INFO] Processed 5150000 rows...
2026-05-03 03:23:23,094 [INFO] Processed 5160000 rows...
2026-05-03 03:23:23,338 [INFO] Processed 5170000 rows...
2026-05-03 03:23:23,586 [INFO] Processed 5180000 rows...
2026-05-03 03:23:23,833 [INFO] Processed 5190000 rows...
2026-05-03 03:23:24,006 [INFO] Processing file 20: /home/parth/bigdata_project/raw/data_Q1_2024/2024-01-20.csv
2026-05-03 03:23:24,081 [INFO] Processed 5200000 rows...
2026-05-03 03:23:24,335 [INFO] Processed 5210000 rows...
2026-05-03 03:23:24,584 [INFO] Processed 5220000 rows...
2026-05-03 03:23:24,843 [INFO] Processed 5230000 rows...
2026-05-03 03:23:25,090 [INFO] Processed 5240000 rows...
2026-05-03 03:23:25,336 [INFO] Processed 5250000 rows...
2026-05-03 03:23:25,584 [INFO] Processed 5260000 rows...
2026-05-03 03:23:25,832 [INFO] Processed 5270000 rows...
2026-05-03 03:23:26,085 [INFO] Processed 5280000 rows...
2026-05-03 03:23:26,338 [INFO] Processed 5290000 rows...
2026-05-03 03:23:26,585 [INFO] Processed 5300000 rows...
2026-05-03 03:23:26,832 [INFO] Processed 5310000 rows...
2026-05-03 03:23:27,077 [INFO] Processed 5320000 rows...
2026-05-03 03:23:27,322 [INFO] Processed 5330000 rows...
2026-05-03 03:23:27,606 [INFO] Processed 5340000 rows...
2026-05-03 03:23:27,854 [INFO] Processed 5350000 rows...
2026-05-03 03:23:28,101 [INFO] Processed 5360000 rows...
2026-05-03 03:23:28,349 [INFO] Processed 5370000 rows...
2026-05-03 03:23:28,595 [INFO] Processed 5380000 rows...
2026-05-03 03:23:28,843 [INFO] Processed 5390000 rows...
2026-05-03 03:23:29,104 [INFO] Processed 5400000 rows...
2026-05-03 03:23:29,365 [INFO] Processed 5410000 rows...
2026-05-03 03:23:29,619 [INFO] Processed 5420000 rows...
2026-05-03 03:23:29,878 [INFO] Processed 5430000 rows...
2026-05-03 03:23:30,123 [INFO] Processed 5440000 rows...
2026-05-03 03:23:30,370 [INFO] Processed 5450000 rows...
2026-05-03 03:23:30,617 [INFO] Processed 5460000 rows...
2026-05-03 03:23:30,847 [INFO] Processing file 21: /home/parth/bigdata_project/raw/data_Q1_2024/2024-01-21.csv
2026-05-03 03:23:30,865 [INFO] Processed 5470000 rows...
2026-05-03 03:23:31,118 [INFO] Processed 5480000 rows...
2026-05-03 03:23:31,366 [INFO] Processed 5490000 rows...
2026-05-03 03:23:31,620 [INFO] Processed 5500000 rows...
2026-05-03 03:23:31,868 [INFO] Processed 5510000 rows...
2026-05-03 03:23:32,116 [INFO] Processed 5520000 rows...
2026-05-03 03:23:32,392 [INFO] Processed 5530000 rows...
2026-05-03 03:23:32,662 [INFO] Processed 5540000 rows...
2026-05-03 03:23:32,911 [INFO] Processed 5550000 rows...
2026-05-03 03:23:33,164 [INFO] Processed 5560000 rows...
2026-05-03 03:23:33,413 [INFO] Processed 5570000 rows...
2026-05-03 03:23:33,662 [INFO] Processed 5580000 rows...
2026-05-03 03:23:33,910 [INFO] Processed 5590000 rows...
2026-05-03 03:23:34,154 [INFO] Processed 5600000 rows...
2026-05-03 03:23:34,405 [INFO] Processed 5610000 rows...
2026-05-03 03:23:34,654 [INFO] Processed 5620000 rows...
2026-05-03 03:23:34,906 [INFO] Processed 5630000 rows...
2026-05-03 03:23:35,155 [INFO] Processed 5640000 rows...
2026-05-03 03:23:35,403 [INFO] Processed 5650000 rows...
2026-05-03 03:23:35,649 [INFO] Processed 5660000 rows...
2026-05-03 03:23:35,896 [INFO] Processed 5670000 rows...
2026-05-03 03:23:36,141 [INFO] Processed 5680000 rows...
2026-05-03 03:23:36,387 [INFO] Processed 5690000 rows...
2026-05-03 03:23:36,635 [INFO] Processed 5700000 rows...
2026-05-03 03:23:36,883 [INFO] Processed 5710000 rows...
2026-05-03 03:23:37,128 [INFO] Processed 5720000 rows...
2026-05-03 03:23:37,392 [INFO] Processed 5730000 rows...
2026-05-03 03:23:37,655 [INFO] Processed 5740000 rows...
2026-05-03 03:23:37,694 [INFO] Processing file 22: /home/parth/bigdata_project/raw/data_Q1_2024/2024-01-22.csv
2026-05-03 03:23:37,914 [INFO] Processed 5750000 rows...
2026-05-03 03:23:38,184 [INFO] Processed 5760000 rows...
2026-05-03 03:23:38,435 [INFO] Processed 5770000 rows...
2026-05-03 03:23:38,684 [INFO] Processed 5780000 rows...
2026-05-03 03:23:38,931 [INFO] Processed 5790000 rows...
2026-05-03 03:23:39,178 [INFO] Processed 5800000 rows...
2026-05-03 03:23:39,427 [INFO] Processed 5810000 rows...
2026-05-03 03:23:39,674 [INFO] Processed 5820000 rows...
2026-05-03 03:23:39,930 [INFO] Processed 5830000 rows...
2026-05-03 03:23:40,177 [INFO] Processed 5840000 rows...
2026-05-03 03:23:40,424 [INFO] Processed 5850000 rows...
2026-05-03 03:23:40,670 [INFO] Processed 5860000 rows...
2026-05-03 03:23:40,912 [INFO] Processed 5870000 rows...
2026-05-03 03:23:41,161 [INFO] Processed 5880000 rows...
2026-05-03 03:23:41,420 [INFO] Processed 5890000 rows...
2026-05-03 03:23:41,682 [INFO] Processed 5900000 rows...
2026-05-03 03:23:41,930 [INFO] Processed 5910000 rows...
2026-05-03 03:23:42,176 [INFO] Processed 5920000 rows...
2026-05-03 03:23:42,453 [INFO] Processed 5930000 rows...
2026-05-03 03:23:42,720 [INFO] Processed 5940000 rows...
2026-05-03 03:23:42,965 [INFO] Processed 5950000 rows...
2026-05-03 03:23:43,211 [INFO] Processed 5960000 rows...
2026-05-03 03:23:43,458 [INFO] Processed 5970000 rows...
2026-05-03 03:23:43,705 [INFO] Processed 5980000 rows...
2026-05-03 03:23:43,970 [INFO] Processed 5990000 rows...
2026-05-03 03:23:44,236 [INFO] Processed 6000000 rows...
2026-05-03 03:23:44,480 [INFO] Processed 6010000 rows...
2026-05-03 03:23:44,574 [INFO] Processing file 23: /home/parth/bigdata_project/raw/data_Q1_2024/2024-01-23.csv
2026-05-03 03:23:44,734 [INFO] Processed 6020000 rows...
2026-05-03 03:23:44,987 [INFO] Processed 6030000 rows...
2026-05-03 03:23:45,237 [INFO] Processed 6040000 rows...
2026-05-03 03:23:45,487 [INFO] Processed 6050000 rows...
2026-05-03 03:23:45,733 [INFO] Processed 6060000 rows...
2026-05-03 03:23:45,978 [INFO] Processed 6070000 rows...
2026-05-03 03:23:46,226 [INFO] Processed 6080000 rows...
2026-05-03 03:23:46,472 [INFO] Processed 6090000 rows...
2026-05-03 03:23:46,720 [INFO] Processed 6100000 rows...
2026-05-03 03:23:46,975 [INFO] Processed 6110000 rows...
2026-05-03 03:23:47,222 [INFO] Processed 6120000 rows...
2026-05-03 03:23:47,490 [INFO] Processed 6130000 rows...
2026-05-03 03:23:47,749 [INFO] Processed 6140000 rows...
2026-05-03 03:23:47,994 [INFO] Processed 6150000 rows...
2026-05-03 03:23:48,243 [INFO] Processed 6160000 rows...
2026-05-03 03:23:48,490 [INFO] Processed 6170000 rows...
2026-05-03 03:23:48,736 [INFO] Processed 6180000 rows...
2026-05-03 03:23:48,983 [INFO] Processed 6190000 rows...
2026-05-03 03:23:49,227 [INFO] Processed 6200000 rows...
2026-05-03 03:23:49,474 [INFO] Processed 6210000 rows...
2026-05-03 03:23:49,722 [INFO] Processed 6220000 rows...
2026-05-03 03:23:49,967 [INFO] Processed 6230000 rows...
2026-05-03 03:23:50,232 [INFO] Processed 6240000 rows...
2026-05-03 03:23:50,479 [INFO] Processed 6250000 rows...
2026-05-03 03:23:50,724 [INFO] Processed 6260000 rows...
2026-05-03 03:23:50,969 [INFO] Processed 6270000 rows...
2026-05-03 03:23:51,213 [INFO] Processed 6280000 rows...
2026-05-03 03:23:51,362 [INFO] Processing file 24: /home/parth/bigdata_project/raw/data_Q1_2024/2024-01-24.csv
2026-05-03 03:23:51,471 [INFO] Processed 6290000 rows...
2026-05-03 03:23:51,728 [INFO] Processed 6300000 rows...
2026-05-03 03:23:51,975 [INFO] Processed 6310000 rows...
2026-05-03 03:23:52,227 [INFO] Processed 6320000 rows...
2026-05-03 03:23:52,491 [INFO] Processed 6330000 rows...
2026-05-03 03:23:52,750 [INFO] Processed 6340000 rows...
2026-05-03 03:23:52,999 [INFO] Processed 6350000 rows...
2026-05-03 03:23:53,264 [INFO] Processed 6360000 rows...
2026-05-03 03:23:54,139 [INFO] Processed 6370000 rows...
2026-05-03 03:23:54,776 [INFO] Processed 6380000 rows...
2026-05-03 03:23:55,024 [INFO] Processed 6390000 rows...
2026-05-03 03:23:55,272 [INFO] Processed 6400000 rows...
2026-05-03 03:23:55,517 [INFO] Processed 6410000 rows...
2026-05-03 03:23:55,763 [INFO] Processed 6420000 rows...
2026-05-03 03:23:56,014 [INFO] Processed 6430000 rows...
2026-05-03 03:23:56,282 [INFO] Processed 6440000 rows...
2026-05-03 03:23:56,529 [INFO] Processed 6450000 rows...
2026-05-03 03:23:56,775 [INFO] Processed 6460000 rows...
2026-05-03 03:23:57,022 [INFO] Processed 6470000 rows...
2026-05-03 03:23:57,269 [INFO] Processed 6480000 rows...
2026-05-03 03:23:58,008 [INFO] Processed 6490000 rows...
2026-05-03 03:23:58,254 [INFO] Processed 6500000 rows...
2026-05-03 03:23:58,503 [INFO] Processed 6510000 rows...
2026-05-03 03:23:58,777 [INFO] Processed 6520000 rows...
2026-05-03 03:23:59,035 [INFO] Processed 6530000 rows...
2026-05-03 03:23:59,315 [INFO] Processed 6540000 rows...
2026-05-03 03:23:59,562 [INFO] Processed 6550000 rows...
2026-05-03 03:23:59,773 [INFO] Processing file 25: /home/parth/bigdata_project/raw/data_Q1_2024/2024-01-25.csv
2026-05-03 03:23:59,815 [INFO] Processed 6560000 rows...
2026-05-03 03:24:00,065 [INFO] Processed 6570000 rows...
2026-05-03 03:24:00,310 [INFO] Processed 6580000 rows...
2026-05-03 03:24:00,561 [INFO] Processed 6590000 rows...
2026-05-03 03:24:00,825 [INFO] Processed 6600000 rows...
2026-05-03 03:24:01,071 [INFO] Processed 6610000 rows...
2026-05-03 03:24:01,319 [INFO] Processed 6620000 rows...
2026-05-03 03:24:01,566 [INFO] Processed 6630000 rows...
2026-05-03 03:24:01,814 [INFO] Processed 6640000 rows...
2026-05-03 03:24:02,063 [INFO] Processed 6650000 rows...
2026-05-03 03:24:02,311 [INFO] Processed 6660000 rows...
2026-05-03 03:24:02,618 [INFO] Processed 6670000 rows...
2026-05-03 03:24:02,865 [INFO] Processed 6680000 rows...
2026-05-03 03:24:03,108 [INFO] Processed 6690000 rows...
2026-05-03 03:24:03,361 [INFO] Processed 6700000 rows...
2026-05-03 03:24:03,610 [INFO] Processed 6710000 rows...
2026-05-03 03:24:03,857 [INFO] Processed 6720000 rows...
2026-05-03 03:24:04,105 [INFO] Processed 6730000 rows...
2026-05-03 03:24:04,351 [INFO] Processed 6740000 rows...
2026-05-03 03:24:04,597 [INFO] Processed 6750000 rows...
2026-05-03 03:24:04,852 [INFO] Processed 6760000 rows...
2026-05-03 03:24:05,097 [INFO] Processed 6770000 rows...
2026-05-03 03:24:05,342 [INFO] Processed 6780000 rows...
2026-05-03 03:24:05,591 [INFO] Processed 6790000 rows...
2026-05-03 03:24:05,837 [INFO] Processed 6800000 rows...
2026-05-03 03:24:06,082 [INFO] Processed 6810000 rows...
2026-05-03 03:24:06,343 [INFO] Processed 6820000 rows...
2026-05-03 03:24:06,589 [INFO] Processed 6830000 rows...
2026-05-03 03:24:06,605 [INFO] Processing file 26: /home/parth/bigdata_project/raw/data_Q1_2024/2024-01-26.csv
2026-05-03 03:24:06,895 [INFO] Processed 6840000 rows...
2026-05-03 03:24:07,142 [INFO] Processed 6850000 rows...
2026-05-03 03:24:07,424 [INFO] Processed 6860000 rows...
2026-05-03 03:24:07,692 [INFO] Processed 6870000 rows...
2026-05-03 03:24:07,939 [INFO] Processed 6880000 rows...
2026-05-03 03:24:08,189 [INFO] Processed 6890000 rows...
2026-05-03 03:24:08,437 [INFO] Processed 6900000 rows...
2026-05-03 03:24:08,684 [INFO] Processed 6910000 rows...
2026-05-03 03:24:08,937 [INFO] Processed 6920000 rows...
2026-05-03 03:24:09,184 [INFO] Processed 6930000 rows...
2026-05-03 03:24:09,432 [INFO] Processed 6940000 rows...
2026-05-03 03:24:09,680 [INFO] Processed 6950000 rows...
2026-05-03 03:24:09,928 [INFO] Processed 6960000 rows...
2026-05-03 03:24:10,178 [INFO] Processed 6970000 rows...
2026-05-03 03:24:10,427 [INFO] Processed 6980000 rows...
2026-05-03 03:24:10,674 [INFO] Processed 6990000 rows...
2026-05-03 03:24:10,921 [INFO] Processed 7000000 rows...
2026-05-03 03:24:11,169 [INFO] Processed 7010000 rows...
2026-05-03 03:24:11,416 [INFO] Processed 7020000 rows...
2026-05-03 03:24:11,664 [INFO] Processed 7030000 rows...
2026-05-03 03:24:11,910 [INFO] Processed 7040000 rows...
2026-05-03 03:24:12,155 [INFO] Processed 7050000 rows...
2026-05-03 03:24:12,425 [INFO] Processed 7060000 rows...
2026-05-03 03:24:12,692 [INFO] Processed 7070000 rows...
2026-05-03 03:24:12,937 [INFO] Processed 7080000 rows...
2026-05-03 03:24:13,184 [INFO] Processed 7090000 rows...
2026-05-03 03:24:13,429 [INFO] Processed 7100000 rows...
2026-05-03 03:24:13,500 [INFO] Processing file 27: /home/parth/bigdata_project/raw/data_Q1_2024/2024-01-27.csv
2026-05-03 03:24:13,692 [INFO] Processed 7110000 rows...
2026-05-03 03:24:13,940 [INFO] Processed 7120000 rows...
2026-05-03 03:24:14,211 [INFO] Processed 7130000 rows...
2026-05-03 03:24:14,461 [INFO] Processed 7140000 rows...
2026-05-03 03:24:14,715 [INFO] Processed 7150000 rows...
2026-05-03 03:24:14,961 [INFO] Processed 7160000 rows...
2026-05-03 03:24:15,208 [INFO] Processed 7170000 rows...
2026-05-03 03:24:15,453 [INFO] Processed 7180000 rows...
2026-05-03 03:24:15,701 [INFO] Processed 7190000 rows...
2026-05-03 03:24:15,951 [INFO] Processed 7200000 rows...
2026-05-03 03:24:16,198 [INFO] Processed 7210000 rows...
2026-05-03 03:24:16,445 [INFO] Processed 7220000 rows...
2026-05-03 03:24:16,687 [INFO] Processed 7230000 rows...
2026-05-03 03:24:16,939 [INFO] Processed 7240000 rows...
2026-05-03 03:24:17,189 [INFO] Processed 7250000 rows...
2026-05-03 03:24:17,467 [INFO] Processed 7260000 rows...
2026-05-03 03:24:17,736 [INFO] Processed 7270000 rows...
2026-05-03 03:24:17,985 [INFO] Processed 7280000 rows...
2026-05-03 03:24:18,230 [INFO] Processed 7290000 rows...
2026-05-03 03:24:18,476 [INFO] Processed 7300000 rows...
2026-05-03 03:24:18,720 [INFO] Processed 7310000 rows...
2026-05-03 03:24:18,964 [INFO] Processed 7320000 rows...
2026-05-03 03:24:19,210 [INFO] Processed 7330000 rows...
2026-05-03 03:24:19,458 [INFO] Processed 7340000 rows...
2026-05-03 03:24:19,704 [INFO] Processed 7350000 rows...
2026-05-03 03:24:19,973 [INFO] Processed 7360000 rows...
2026-05-03 03:24:20,227 [INFO] Processed 7370000 rows...
2026-05-03 03:24:20,353 [INFO] Processing file 28: /home/parth/bigdata_project/raw/data_Q1_2024/2024-01-28.csv
2026-05-03 03:24:20,482 [INFO] Processed 7380000 rows...
2026-05-03 03:24:20,730 [INFO] Processed 7390000 rows...
2026-05-03 03:24:20,981 [INFO] Processed 7400000 rows...
2026-05-03 03:24:21,232 [INFO] Processed 7410000 rows...
2026-05-03 03:24:21,479 [INFO] Processed 7420000 rows...
2026-05-03 03:24:21,726 [INFO] Processed 7430000 rows...
2026-05-03 03:24:21,975 [INFO] Processed 7440000 rows...
2026-05-03 03:24:22,222 [INFO] Processed 7450000 rows...
2026-05-03 03:24:22,511 [INFO] Processed 7460000 rows...
2026-05-03 03:24:22,783 [INFO] Processed 7470000 rows...
2026-05-03 03:24:23,030 [INFO] Processed 7480000 rows...
2026-05-03 03:24:23,279 [INFO] Processed 7490000 rows...
2026-05-03 03:24:23,525 [INFO] Processed 7500000 rows...
2026-05-03 03:24:23,796 [INFO] Processed 7510000 rows...
2026-05-03 03:24:24,045 [INFO] Processed 7520000 rows...
2026-05-03 03:24:24,292 [INFO] Processed 7530000 rows...
2026-05-03 03:24:24,539 [INFO] Processed 7540000 rows...
2026-05-03 03:24:24,791 [INFO] Processed 7550000 rows...
2026-05-03 03:24:25,036 [INFO] Processed 7560000 rows...
2026-05-03 03:24:26,128 [INFO] Processed 7570000 rows...
2026-05-03 03:24:26,806 [INFO] Processed 7580000 rows...
2026-05-03 03:24:27,051 [INFO] Processed 7590000 rows...
2026-05-03 03:24:27,297 [INFO] Processed 7600000 rows...
2026-05-03 03:24:27,612 [INFO] Processed 7610000 rows...
2026-05-03 03:24:27,858 [INFO] Processed 7620000 rows...
2026-05-03 03:24:28,104 [INFO] Processed 7630000 rows...
2026-05-03 03:24:28,350 [INFO] Processed 7640000 rows...
2026-05-03 03:24:28,527 [INFO] Processing file 29: /home/parth/bigdata_project/raw/data_Q1_2024/2024-01-29.csv
2026-05-03 03:24:28,605 [INFO] Processed 7650000 rows...
2026-05-03 03:24:28,853 [INFO] Processed 7660000 rows...
2026-05-03 03:24:29,116 [INFO] Processed 7670000 rows...
2026-05-03 03:24:29,368 [INFO] Processed 7680000 rows...
2026-05-03 03:24:29,614 [INFO] Processed 7690000 rows...
2026-05-03 03:24:29,866 [INFO] Processed 7700000 rows...
2026-05-03 03:24:30,116 [INFO] Processed 7710000 rows...
2026-05-03 03:24:30,362 [INFO] Processed 7720000 rows...
2026-05-03 03:24:30,610 [INFO] Processed 7730000 rows...
2026-05-03 03:24:30,860 [INFO] Processed 7740000 rows...
2026-05-03 03:24:31,107 [INFO] Processed 7750000 rows...
2026-05-03 03:24:31,356 [INFO] Processed 7760000 rows...
2026-05-03 03:24:31,602 [INFO] Processed 7770000 rows...
2026-05-03 03:24:31,845 [INFO] Processed 7780000 rows...
2026-05-03 03:24:32,094 [INFO] Processed 7790000 rows...
2026-05-03 03:24:32,342 [INFO] Processed 7800000 rows...
2026-05-03 03:24:32,644 [INFO] Processed 7810000 rows...
2026-05-03 03:24:32,893 [INFO] Processed 7820000 rows...
2026-05-03 03:24:33,138 [INFO] Processed 7830000 rows...
2026-05-03 03:24:33,384 [INFO] Processed 7840000 rows...
2026-05-03 03:24:33,630 [INFO] Processed 7850000 rows...
2026-05-03 03:24:33,874 [INFO] Processed 7860000 rows...
2026-05-03 03:24:34,121 [INFO] Processed 7870000 rows...
2026-05-03 03:24:34,377 [INFO] Processed 7880000 rows...
2026-05-03 03:24:34,622 [INFO] Processed 7890000 rows...
2026-05-03 03:24:34,876 [INFO] Processed 7900000 rows...
2026-05-03 03:24:35,143 [INFO] Processed 7910000 rows...
2026-05-03 03:24:35,372 [INFO] Processing file 30: /home/parth/bigdata_project/raw/data_Q1_2024/2024-01-30.csv
2026-05-03 03:24:35,426 [INFO] Processed 7920000 rows...
2026-05-03 03:24:35,676 [INFO] Processed 7930000 rows...
2026-05-03 03:24:35,923 [INFO] Processed 7940000 rows...
2026-05-03 03:24:36,176 [INFO] Processed 7950000 rows...
2026-05-03 03:24:36,424 [INFO] Processed 7960000 rows...
2026-05-03 03:24:36,688 [INFO] Processed 7970000 rows...
2026-05-03 03:24:36,938 [INFO] Processed 7980000 rows...
2026-05-03 03:24:37,185 [INFO] Processed 7990000 rows...
2026-05-03 03:24:37,469 [INFO] Processed 8000000 rows...
2026-05-03 03:24:37,737 [INFO] Processed 8010000 rows...
2026-05-03 03:24:37,985 [INFO] Processed 8020000 rows...
2026-05-03 03:24:38,234 [INFO] Processed 8030000 rows...
2026-05-03 03:24:38,482 [INFO] Processed 8040000 rows...
2026-05-03 03:24:38,726 [INFO] Processed 8050000 rows...
2026-05-03 03:24:38,977 [INFO] Processed 8060000 rows...
2026-05-03 03:24:39,237 [INFO] Processed 8070000 rows...
2026-05-03 03:24:39,485 [INFO] Processed 8080000 rows...
2026-05-03 03:24:39,741 [INFO] Processed 8090000 rows...
2026-05-03 03:24:39,988 [INFO] Processed 8100000 rows...
2026-05-03 03:24:40,235 [INFO] Processed 8110000 rows...
2026-05-03 03:24:40,483 [INFO] Processed 8120000 rows...
2026-05-03 03:24:40,728 [INFO] Processed 8130000 rows...
2026-05-03 03:24:40,974 [INFO] Processed 8140000 rows...
2026-05-03 03:24:41,226 [INFO] Processed 8150000 rows...
2026-05-03 03:24:41,474 [INFO] Processed 8160000 rows...
2026-05-03 03:24:41,719 [INFO] Processed 8170000 rows...
2026-05-03 03:24:41,966 [INFO] Processed 8180000 rows...
2026-05-03 03:24:42,213 [INFO] Processed 8190000 rows...
2026-05-03 03:24:42,274 [INFO] Processing file 31: /home/parth/bigdata_project/raw/data_Q1_2024/2024-01-31.csv
2026-05-03 03:24:42,554 [INFO] Processed 8200000 rows...
2026-05-03 03:24:42,801 [INFO] Processed 8210000 rows...
2026-05-03 03:24:43,050 [INFO] Processed 8220000 rows...
2026-05-03 03:24:43,300 [INFO] Processed 8230000 rows...
2026-05-03 03:24:43,548 [INFO] Processed 8240000 rows...
2026-05-03 03:24:43,795 [INFO] Processed 8250000 rows...
2026-05-03 03:24:44,046 [INFO] Processed 8260000 rows...
2026-05-03 03:24:44,303 [INFO] Processed 8270000 rows...
2026-05-03 03:24:44,557 [INFO] Processed 8280000 rows...
2026-05-03 03:24:44,812 [INFO] Processed 8290000 rows...
2026-05-03 03:24:45,060 [INFO] Processed 8300000 rows...
2026-05-03 03:24:45,307 [INFO] Processed 8310000 rows...
2026-05-03 03:24:45,550 [INFO] Processed 8320000 rows...
2026-05-03 03:24:45,798 [INFO] Processed 8330000 rows...
2026-05-03 03:24:46,047 [INFO] Processed 8340000 rows...
2026-05-03 03:24:46,312 [INFO] Processed 8350000 rows...
2026-05-03 03:24:46,561 [INFO] Processed 8360000 rows...
2026-05-03 03:24:46,808 [INFO] Processed 8370000 rows...
2026-05-03 03:24:47,053 [INFO] Processed 8380000 rows...
2026-05-03 03:24:47,302 [INFO] Processed 8390000 rows...
2026-05-03 03:24:47,600 [INFO] Processed 8400000 rows...
2026-05-03 03:24:47,845 [INFO] Processed 8410000 rows...
2026-05-03 03:24:48,100 [INFO] Processed 8420000 rows...
2026-05-03 03:24:48,349 [INFO] Processed 8430000 rows...
2026-05-03 03:24:48,594 [INFO] Processed 8440000 rows...
2026-05-03 03:24:48,841 [INFO] Processed 8450000 rows...
2026-05-03 03:24:49,100 [INFO] Processed 8460000 rows...
2026-05-03 03:24:49,270 [INFO] Processing file 32: /home/parth/bigdata_project/raw/data_Q1_2024/2024-02-01.csv
2026-05-03 03:24:49,370 [INFO] Processed 8470000 rows...
2026-05-03 03:24:49,619 [INFO] Processed 8480000 rows...
2026-05-03 03:24:49,881 [INFO] Processed 8490000 rows...
2026-05-03 03:24:50,133 [INFO] Processed 8500000 rows...
2026-05-03 03:24:50,380 [INFO] Processed 8510000 rows...
2026-05-03 03:24:50,627 [INFO] Processed 8520000 rows...
2026-05-03 03:24:50,878 [INFO] Processed 8530000 rows...
2026-05-03 03:24:51,125 [INFO] Processed 8540000 rows...
2026-05-03 03:24:51,392 [INFO] Processed 8550000 rows...
2026-05-03 03:24:51,644 [INFO] Processed 8560000 rows...
2026-05-03 03:24:51,896 [INFO] Processed 8570000 rows...
2026-05-03 03:24:52,144 [INFO] Processed 8580000 rows...
2026-05-03 03:24:52,390 [INFO] Processed 8590000 rows...
2026-05-03 03:24:52,683 [INFO] Processed 8600000 rows...
2026-05-03 03:24:52,933 [INFO] Processed 8610000 rows...
2026-05-03 03:24:53,181 [INFO] Processed 8620000 rows...
2026-05-03 03:24:53,429 [INFO] Processed 8630000 rows...
2026-05-03 03:24:53,675 [INFO] Processed 8640000 rows...
2026-05-03 03:24:53,920 [INFO] Processed 8650000 rows...
2026-05-03 03:24:54,165 [INFO] Processed 8660000 rows...
2026-05-03 03:24:54,412 [INFO] Processed 8670000 rows...
2026-05-03 03:24:54,657 [INFO] Processed 8680000 rows...
2026-05-03 03:24:54,907 [INFO] Processed 8690000 rows...
2026-05-03 03:24:55,155 [INFO] Processed 8700000 rows...
2026-05-03 03:24:55,402 [INFO] Processed 8710000 rows...
2026-05-03 03:24:55,647 [INFO] Processed 8720000 rows...
2026-05-03 03:24:55,916 [INFO] Processed 8730000 rows...
2026-05-03 03:24:56,163 [INFO] Processed 8740000 rows...
2026-05-03 03:24:56,230 [INFO] Processing file 33: /home/parth/bigdata_project/raw/data_Q1_2024/2024-02-02.csv
2026-05-03 03:24:56,434 [INFO] Processed 8750000 rows...
2026-05-03 03:24:56,681 [INFO] Processed 8760000 rows...
2026-05-03 03:24:56,931 [INFO] Processed 8770000 rows...
2026-05-03 03:24:57,181 [INFO] Processed 8780000 rows...
2026-05-03 03:24:58,162 [INFO] Processed 8790000 rows...
2026-05-03 03:24:59,168 [INFO] Processed 8800000 rows...
2026-05-03 03:24:59,448 [INFO] Processed 8810000 rows...
2026-05-03 03:24:59,697 [INFO] Processed 8820000 rows...
2026-05-03 03:24:59,956 [INFO] Processed 8830000 rows...
2026-05-03 03:25:00,206 [INFO] Processed 8840000 rows...
2026-05-03 03:25:00,454 [INFO] Processed 8850000 rows...
2026-05-03 03:25:00,703 [INFO] Processed 8860000 rows...
2026-05-03 03:25:00,946 [INFO] Processed 8870000 rows...
2026-05-03 03:25:01,195 [INFO] Processed 8880000 rows...
2026-05-03 03:25:01,445 [INFO] Processed 8890000 rows...
2026-05-03 03:25:01,710 [INFO] Processed 8900000 rows...
2026-05-03 03:25:01,958 [INFO] Processed 8910000 rows...
2026-05-03 03:25:02,207 [INFO] Processed 8920000 rows...
2026-05-03 03:25:02,453 [INFO] Processed 8930000 rows...
2026-05-03 03:25:02,728 [INFO] Processed 8940000 rows...
2026-05-03 03:25:02,988 [INFO] Processed 8950000 rows...
2026-05-03 03:25:03,235 [INFO] Processed 8960000 rows...
2026-05-03 03:25:03,484 [INFO] Processed 8970000 rows...
2026-05-03 03:25:03,733 [INFO] Processed 8980000 rows...
2026-05-03 03:25:03,979 [INFO] Processed 8990000 rows...
2026-05-03 03:25:04,241 [INFO] Processed 9000000 rows...
2026-05-03 03:25:04,505 [INFO] Processed 9010000 rows...
2026-05-03 03:25:04,711 [INFO] Processing file 34: /home/parth/bigdata_project/raw/data_Q1_2024/2024-02-03.csv
2026-05-03 03:25:04,778 [INFO] Processed 9020000 rows...
2026-05-03 03:25:05,028 [INFO] Processed 9030000 rows...
2026-05-03 03:25:05,274 [INFO] Processed 9040000 rows...
2026-05-03 03:25:05,525 [INFO] Processed 9050000 rows...
2026-05-03 03:25:05,771 [INFO] Processed 9060000 rows...
2026-05-03 03:25:06,017 [INFO] Processed 9070000 rows...
2026-05-03 03:25:06,266 [INFO] Processed 9080000 rows...
2026-05-03 03:25:06,514 [INFO] Processed 9090000 rows...
2026-05-03 03:25:06,764 [INFO] Processed 9100000 rows...
2026-05-03 03:25:07,012 [INFO] Processed 9110000 rows...
2026-05-03 03:25:07,260 [INFO] Processed 9120000 rows...
2026-05-03 03:25:07,507 [INFO] Processed 9130000 rows...
2026-05-03 03:25:07,789 [INFO] Processed 9140000 rows...
2026-05-03 03:25:08,049 [INFO] Processed 9150000 rows...
2026-05-03 03:25:08,299 [INFO] Processed 9160000 rows...
2026-05-03 03:25:08,547 [INFO] Processed 9170000 rows...
2026-05-03 03:25:08,803 [INFO] Processed 9180000 rows...
2026-05-03 03:25:09,051 [INFO] Processed 9190000 rows...
2026-05-03 03:25:09,297 [INFO] Processed 9200000 rows...
2026-05-03 03:25:09,543 [INFO] Processed 9210000 rows...
2026-05-03 03:25:09,790 [INFO] Processed 9220000 rows...
2026-05-03 03:25:10,034 [INFO] Processed 9230000 rows...
2026-05-03 03:25:10,279 [INFO] Processed 9240000 rows...
2026-05-03 03:25:10,527 [INFO] Processed 9250000 rows...
2026-05-03 03:25:10,774 [INFO] Processed 9260000 rows...
2026-05-03 03:25:11,019 [INFO] Processed 9270000 rows...
2026-05-03 03:25:11,290 [INFO] Processed 9280000 rows...
2026-05-03 03:25:11,536 [INFO] Processed 9290000 rows...
2026-05-03 03:25:11,636 [INFO] Processing file 35: /home/parth/bigdata_project/raw/data_Q1_2024/2024-02-04.csv
2026-05-03 03:25:11,807 [INFO] Processed 9300000 rows...
2026-05-03 03:25:12,055 [INFO] Processed 9310000 rows...
2026-05-03 03:25:12,303 [INFO] Processed 9320000 rows...
2026-05-03 03:25:12,553 [INFO] Processed 9330000 rows...
2026-05-03 03:25:12,832 [INFO] Processed 9340000 rows...
2026-05-03 03:25:13,098 [INFO] Processed 9350000 rows...
2026-05-03 03:25:13,347 [INFO] Processed 9360000 rows...
2026-05-03 03:25:13,594 [INFO] Processed 9370000 rows...
2026-05-03 03:25:13,851 [INFO] Processed 9380000 rows...
2026-05-03 03:25:14,121 [INFO] Processed 9390000 rows...
2026-05-03 03:25:14,380 [INFO] Processed 9400000 rows...
2026-05-03 03:25:14,627 [INFO] Processed 9410000 rows...
2026-05-03 03:25:14,871 [INFO] Processed 9420000 rows...
2026-05-03 03:25:15,118 [INFO] Processed 9430000 rows...
2026-05-03 03:25:15,370 [INFO] Processed 9440000 rows...
2026-05-03 03:25:15,617 [INFO] Processed 9450000 rows...
2026-05-03 03:25:15,865 [INFO] Processed 9460000 rows...
2026-05-03 03:25:16,111 [INFO] Processed 9470000 rows...
2026-05-03 03:25:16,357 [INFO] Processed 9480000 rows...
2026-05-03 03:25:16,604 [INFO] Processed 9490000 rows...
2026-05-03 03:25:16,850 [INFO] Processed 9500000 rows...
2026-05-03 03:25:17,095 [INFO] Processed 9510000 rows...
2026-05-03 03:25:17,342 [INFO] Processed 9520000 rows...
2026-05-03 03:25:17,590 [INFO] Processed 9530000 rows...
2026-05-03 03:25:17,880 [INFO] Processed 9540000 rows...
2026-05-03 03:25:18,126 [INFO] Processed 9550000 rows...
2026-05-03 03:25:18,390 [INFO] Processed 9560000 rows...
2026-05-03 03:25:18,630 [INFO] Processing file 36: /home/parth/bigdata_project/raw/data_Q1_2024/2024-02-05.csv
2026-05-03 03:25:18,652 [INFO] Processed 9570000 rows...
2026-05-03 03:25:18,903 [INFO] Processed 9580000 rows...
2026-05-03 03:25:19,150 [INFO] Processed 9590000 rows...
2026-05-03 03:25:19,403 [INFO] Processed 9600000 rows...
2026-05-03 03:25:19,651 [INFO] Processed 9610000 rows...
2026-05-03 03:25:19,899 [INFO] Processed 9620000 rows...
2026-05-03 03:25:20,149 [INFO] Processed 9630000 rows...
2026-05-03 03:25:20,398 [INFO] Processed 9640000 rows...
2026-05-03 03:25:20,646 [INFO] Processed 9650000 rows...
2026-05-03 03:25:20,897 [INFO] Processed 9660000 rows...
2026-05-03 03:25:21,145 [INFO] Processed 9670000 rows...
2026-05-03 03:25:21,393 [INFO] Processed 9680000 rows...
2026-05-03 03:25:21,640 [INFO] Processed 9690000 rows...
2026-05-03 03:25:21,885 [INFO] Processed 9700000 rows...
2026-05-03 03:25:22,136 [INFO] Processed 9710000 rows...
2026-05-03 03:25:22,386 [INFO] Processed 9720000 rows...
2026-05-03 03:25:22,632 [INFO] Processed 9730000 rows...
2026-05-03 03:25:22,931 [INFO] Processed 9740000 rows...
2026-05-03 03:25:23,178 [INFO] Processed 9750000 rows...
2026-05-03 03:25:23,426 [INFO] Processed 9760000 rows...
2026-05-03 03:25:23,675 [INFO] Processed 9770000 rows...
2026-05-03 03:25:23,921 [INFO] Processed 9780000 rows...
2026-05-03 03:25:24,166 [INFO] Processed 9790000 rows...
2026-05-03 03:25:24,414 [INFO] Processed 9800000 rows...
2026-05-03 03:25:24,668 [INFO] Processed 9810000 rows...
2026-05-03 03:25:24,915 [INFO] Processed 9820000 rows...
2026-05-03 03:25:25,176 [INFO] Processed 9830000 rows...
2026-05-03 03:25:25,422 [INFO] Processed 9840000 rows...
2026-05-03 03:25:25,557 [INFO] Processing file 37: /home/parth/bigdata_project/raw/data_Q1_2024/2024-02-06.csv
2026-05-03 03:25:25,687 [INFO] Processed 9850000 rows...
2026-05-03 03:25:25,938 [INFO] Processed 9860000 rows...
2026-05-03 03:25:26,199 [INFO] Processed 9870000 rows...
2026-05-03 03:25:26,453 [INFO] Processed 9880000 rows...
2026-05-03 03:25:26,703 [INFO] Processed 9890000 rows...
2026-05-03 03:25:26,951 [INFO] Processed 9900000 rows...
2026-05-03 03:25:27,203 [INFO] Processed 9910000 rows...
2026-05-03 03:25:27,454 [INFO] Processed 9920000 rows...
2026-05-03 03:25:27,741 [INFO] Processed 9930000 rows...
2026-05-03 03:25:28,011 [INFO] Processed 9940000 rows...
2026-05-03 03:25:28,261 [INFO] Processed 9950000 rows...
2026-05-03 03:25:28,512 [INFO] Processed 9960000 rows...
2026-05-03 03:25:28,759 [INFO] Processed 9970000 rows...
2026-05-03 03:25:29,009 [INFO] Processed 9980000 rows...
2026-05-03 03:25:29,302 [INFO] Processed 9990000 rows...
2026-05-03 03:25:29,553 [INFO] Processed 10000000 rows...
2026-05-03 03:25:29,553 [INFO] === 500K Cleaning Completed ===
2026-05-03 03:25:29,553 [INFO] Files processed: 37
2026-05-03 03:25:29,553 [INFO] Processed rows: 10000000
2026-05-03 03:25:29,553 [INFO] Skipped rows: 0
2026-05-03 03:25:29,553 [INFO] Duration: 262.33 seconds
